../Core/Src/main.c:78:6:delay	24	static
../Core/Src/main.c:82:6:decoder	16	static
../Core/Src/main.c:94:6:mors	16	static
../Core/Src/main.c:111:6:mors_blink	24	static
../Core/Src/main.c:152:5:main	8	static
../Core/Src/main.c:200:6:SystemClock_Config	88	static
../Core/Src/main.c:246:13:MX_I2C1_Init	8	static
../Core/Src/main.c:280:13:MX_I2S3_Init	8	static
../Core/Src/main.c:314:13:MX_SPI1_Init	8	static
../Core/Src/main.c:352:13:MX_TIM6_Init	16	static
../Core/Src/main.c:390:13:MX_TIM7_Init	16	static
../Core/Src/main.c:428:13:MX_GPIO_Init	56	static
../Core/Src/main.c:523:6:HAL_GPIO_EXTI_Callback	16	static
../Core/Src/main.c:565:6:HAL_TIM_PeriodElapsedCallback	16	static
../Core/Src/main.c:580:6:Error_Handler	4	static,ignoring_inline_asm
