../Core/Src/main.c:78:6:decoder	16	static
../Core/Src/main.c:90:6:mors	16	static
../Core/Src/main.c:107:6:mors_blink	24	static
../Core/Src/main.c:149:5:main	8	static
../Core/Src/main.c:197:6:SystemClock_Config	88	static
../Core/Src/main.c:243:13:MX_I2C1_Init	8	static
../Core/Src/main.c:277:13:MX_I2S3_Init	8	static
../Core/Src/main.c:311:13:MX_SPI1_Init	8	static
../Core/Src/main.c:349:13:MX_TIM6_Init	16	static
../Core/Src/main.c:387:13:MX_TIM7_Init	16	static
../Core/Src/main.c:425:13:MX_GPIO_Init	56	static
../Core/Src/main.c:520:6:HAL_GPIO_EXTI_Callback	16	static
../Core/Src/main.c:550:6:HAL_TIM_PeriodElapsedCallback	16	static
../Core/Src/main.c:565:6:Error_Handler	4	static,ignoring_inline_asm
