Archive member included to satisfy reference by file (symbol)

d:/stm32cubeide_1.10.1/stm32cubeide/plugins/com.st.stm32cube.ide.mcu.externaltools.gnu-tools-for-stm32.10.3-2021.10.win32_1.0.100.202210260954/tools/bin/../lib/gcc/arm-none-eabi/10.3.1/../../../../arm-none-eabi/lib/thumb/v7e-m+fp/hard\libc_nano.a(lib_a-errno.o)
                              ./Core/Src/syscalls.o (__errno)
d:/stm32cubeide_1.10.1/stm32cubeide/plugins/com.st.stm32cube.ide.mcu.externaltools.gnu-tools-for-stm32.10.3-2021.10.win32_1.0.100.202210260954/tools/bin/../lib/gcc/arm-none-eabi/10.3.1/../../../../arm-none-eabi/lib/thumb/v7e-m+fp/hard\libc_nano.a(lib_a-exit.o)
                              d:/stm32cubeide_1.10.1/stm32cubeide/plugins/com.st.stm32cube.ide.mcu.externaltools.gnu-tools-for-stm32.10.3-2021.10.win32_1.0.100.202210260954/tools/bin/../lib/gcc/arm-none-eabi/10.3.1/../../../../arm-none-eabi/lib/thumb/v7e-m+fp/hard/crt0.o (exit)
d:/stm32cubeide_1.10.1/stm32cubeide/plugins/com.st.stm32cube.ide.mcu.externaltools.gnu-tools-for-stm32.10.3-2021.10.win32_1.0.100.202210260954/tools/bin/../lib/gcc/arm-none-eabi/10.3.1/../../../../arm-none-eabi/lib/thumb/v7e-m+fp/hard\libc_nano.a(lib_a-impure.o)
                              d:/stm32cubeide_1.10.1/stm32cubeide/plugins/com.st.stm32cube.ide.mcu.externaltools.gnu-tools-for-stm32.10.3-2021.10.win32_1.0.100.202210260954/tools/bin/../lib/gcc/arm-none-eabi/10.3.1/../../../../arm-none-eabi/lib/thumb/v7e-m+fp/hard\libc_nano.a(lib_a-exit.o) (_global_impure_ptr)
d:/stm32cubeide_1.10.1/stm32cubeide/plugins/com.st.stm32cube.ide.mcu.externaltools.gnu-tools-for-stm32.10.3-2021.10.win32_1.0.100.202210260954/tools/bin/../lib/gcc/arm-none-eabi/10.3.1/../../../../arm-none-eabi/lib/thumb/v7e-m+fp/hard\libc_nano.a(lib_a-init.o)
                              d:/stm32cubeide_1.10.1/stm32cubeide/plugins/com.st.stm32cube.ide.mcu.externaltools.gnu-tools-for-stm32.10.3-2021.10.win32_1.0.100.202210260954/tools/bin/../lib/gcc/arm-none-eabi/10.3.1/../../../../arm-none-eabi/lib/thumb/v7e-m+fp/hard/crt0.o (__libc_init_array)
d:/stm32cubeide_1.10.1/stm32cubeide/plugins/com.st.stm32cube.ide.mcu.externaltools.gnu-tools-for-stm32.10.3-2021.10.win32_1.0.100.202210260954/tools/bin/../lib/gcc/arm-none-eabi/10.3.1/../../../../arm-none-eabi/lib/thumb/v7e-m+fp/hard\libc_nano.a(lib_a-memset.o)
                              d:/stm32cubeide_1.10.1/stm32cubeide/plugins/com.st.stm32cube.ide.mcu.externaltools.gnu-tools-for-stm32.10.3-2021.10.win32_1.0.100.202210260954/tools/bin/../lib/gcc/arm-none-eabi/10.3.1/../../../../arm-none-eabi/lib/thumb/v7e-m+fp/hard/crt0.o (memset)
d:/stm32cubeide_1.10.1/stm32cubeide/plugins/com.st.stm32cube.ide.mcu.externaltools.gnu-tools-for-stm32.10.3-2021.10.win32_1.0.100.202210260954/tools/bin/../lib/gcc/arm-none-eabi/10.3.1/../../../../arm-none-eabi/lib/thumb/v7e-m+fp/hard\libc_nano.a(lib_a-strcmp.o)
                              ./Core/Src/main.o (strcmp)
d:/stm32cubeide_1.10.1/stm32cubeide/plugins/com.st.stm32cube.ide.mcu.externaltools.gnu-tools-for-stm32.10.3-2021.10.win32_1.0.100.202210260954/tools/bin/../lib/gcc/arm-none-eabi/10.3.1/../../../../arm-none-eabi/lib/thumb/v7e-m+fp/hard\libc_nano.a(lib_a-strcpy.o)
                              ./Core/Src/main.o (strcpy)
d:/stm32cubeide_1.10.1/stm32cubeide/plugins/com.st.stm32cube.ide.mcu.externaltools.gnu-tools-for-stm32.10.3-2021.10.win32_1.0.100.202210260954/tools/bin/../lib/gcc/arm-none-eabi/10.3.1/../../../../arm-none-eabi/lib/thumb/v7e-m+fp/hard\libc_nano.a(lib_a-strlen.o)
                              ./Core/Src/main.o (strlen)
d:/stm32cubeide_1.10.1/stm32cubeide/plugins/com.st.stm32cube.ide.mcu.externaltools.gnu-tools-for-stm32.10.3-2021.10.win32_1.0.100.202210260954/tools/bin/../lib/gcc/arm-none-eabi/10.3.1/thumb/v7e-m+fp/hard\libgcc.a(_aeabi_uldivmod.o)
                              ./Drivers/STM32F4xx_HAL_Driver/Src/stm32f4xx_hal_rcc.o (__aeabi_uldivmod)
d:/stm32cubeide_1.10.1/stm32cubeide/plugins/com.st.stm32cube.ide.mcu.externaltools.gnu-tools-for-stm32.10.3-2021.10.win32_1.0.100.202210260954/tools/bin/../lib/gcc/arm-none-eabi/10.3.1/thumb/v7e-m+fp/hard\libgcc.a(_udivmoddi4.o)
                              d:/stm32cubeide_1.10.1/stm32cubeide/plugins/com.st.stm32cube.ide.mcu.externaltools.gnu-tools-for-stm32.10.3-2021.10.win32_1.0.100.202210260954/tools/bin/../lib/gcc/arm-none-eabi/10.3.1/thumb/v7e-m+fp/hard\libgcc.a(_aeabi_uldivmod.o) (__udivmoddi4)
d:/stm32cubeide_1.10.1/stm32cubeide/plugins/com.st.stm32cube.ide.mcu.externaltools.gnu-tools-for-stm32.10.3-2021.10.win32_1.0.100.202210260954/tools/bin/../lib/gcc/arm-none-eabi/10.3.1/thumb/v7e-m+fp/hard\libgcc.a(_dvmd_tls.o)
                              d:/stm32cubeide_1.10.1/stm32cubeide/plugins/com.st.stm32cube.ide.mcu.externaltools.gnu-tools-for-stm32.10.3-2021.10.win32_1.0.100.202210260954/tools/bin/../lib/gcc/arm-none-eabi/10.3.1/thumb/v7e-m+fp/hard\libgcc.a(_aeabi_uldivmod.o) (__aeabi_ldiv0)

Discarded input sections

[...]
Memory Configuration

Name             Origin             Length             Attributes
CCMRAM           0x0000000010000000 0x0000000000010000 xrw
RAM              0x0000000020000000 0x0000000000020000 xrw
FLASH            0x0000000008000000 0x0000000000100000 xr
*default*        0x0000000000000000 0xffffffffffffffff

Linker script and memory map

LOAD d:/stm32cubeide_1.10.1/stm32cubeide/plugins/com.st.stm32cube.ide.mcu.externaltools.gnu-tools-for-stm32.10.3-2021.10.win32_1.0.100.202210260954/tools/bin/../lib/gcc/arm-none-eabi/10.3.1/thumb/v7e-m+fp/hard/crti.o
LOAD d:/stm32cubeide_1.10.1/stm32cubeide/plugins/com.st.stm32cube.ide.mcu.externaltools.gnu-tools-for-stm32.10.3-2021.10.win32_1.0.100.202210260954/tools/bin/../lib/gcc/arm-none-eabi/10.3.1/thumb/v7e-m+fp/hard/crtbegin.o
LOAD d:/stm32cubeide_1.10.1/stm32cubeide/plugins/com.st.stm32cube.ide.mcu.externaltools.gnu-tools-for-stm32.10.3-2021.10.win32_1.0.100.202210260954/tools/bin/../lib/gcc/arm-none-eabi/10.3.1/../../../../arm-none-eabi/lib/thumb/v7e-m+fp/hard/crt0.o
LOAD ./Core/Src/main.o
LOAD ./Core/Src/stm32f4xx_hal_msp.o
LOAD ./Core/Src/stm32f4xx_it.o
LOAD ./Core/Src/syscalls.o
LOAD ./Core/Src/sysmem.o
LOAD ./Core/Src/system_stm32f4xx.o
LOAD ./Core/Startup/startup_stm32f407vgtx.o
LOAD ./Drivers/STM32F4xx_HAL_Driver/Src/stm32f4xx_hal.o
LOAD ./Drivers/STM32F4xx_HAL_Driver/Src/stm32f4xx_hal_cortex.o
LOAD ./Drivers/STM32F4xx_HAL_Driver/Src/stm32f4xx_hal_dma.o
LOAD ./Drivers/STM32F4xx_HAL_Driver/Src/stm32f4xx_hal_dma_ex.o
LOAD ./Drivers/STM32F4xx_HAL_Driver/Src/stm32f4xx_hal_exti.o
LOAD ./Drivers/STM32F4xx_HAL_Driver/Src/stm32f4xx_hal_flash.o
LOAD ./Drivers/STM32F4xx_HAL_Driver/Src/stm32f4xx_hal_flash_ex.o
LOAD ./Drivers/STM32F4xx_HAL_Driver/Src/stm32f4xx_hal_flash_ramfunc.o
LOAD ./Drivers/STM32F4xx_HAL_Driver/Src/stm32f4xx_hal_gpio.o
LOAD ./Drivers/STM32F4xx_HAL_Driver/Src/stm32f4xx_hal_i2c.o
LOAD ./Drivers/STM32F4xx_HAL_Driver/Src/stm32f4xx_hal_i2c_ex.o
LOAD ./Drivers/STM32F4xx_HAL_Driver/Src/stm32f4xx_hal_i2s.o
LOAD ./Drivers/STM32F4xx_HAL_Driver/Src/stm32f4xx_hal_i2s_ex.o
LOAD ./Drivers/STM32F4xx_HAL_Driver/Src/stm32f4xx_hal_pcd.o
LOAD ./Drivers/STM32F4xx_HAL_Driver/Src/stm32f4xx_hal_pcd_ex.o
LOAD ./Drivers/STM32F4xx_HAL_Driver/Src/stm32f4xx_hal_pwr.o
LOAD ./Drivers/STM32F4xx_HAL_Driver/Src/stm32f4xx_hal_pwr_ex.o
LOAD ./Drivers/STM32F4xx_HAL_Driver/Src/stm32f4xx_hal_rcc.o
LOAD ./Drivers/STM32F4xx_HAL_Driver/Src/stm32f4xx_hal_rcc_ex.o
LOAD ./Drivers/STM32F4xx_HAL_Driver/Src/stm32f4xx_hal_spi.o
LOAD ./Drivers/STM32F4xx_HAL_Driver/Src/stm32f4xx_hal_tim.o
LOAD ./Drivers/STM32F4xx_HAL_Driver/Src/stm32f4xx_hal_tim_ex.o
LOAD ./Drivers/STM32F4xx_HAL_Driver/Src/stm32f4xx_ll_usb.o
LOAD ./Middlewares/ST/STM32_USB_Device_Library/Class/CDC/Src/usbd_cdc.o
LOAD ./Middlewares/ST/STM32_USB_Device_Library/Core/Src/usbd_core.o
LOAD ./Middlewares/ST/STM32_USB_Device_Library/Core/Src/usbd_ctlreq.o
LOAD ./Middlewares/ST/STM32_USB_Device_Library/Core/Src/usbd_ioreq.o
LOAD ./USB_DEVICE/App/usb_device.o
LOAD ./USB_DEVICE/App/usbd_cdc_if.o
LOAD ./USB_DEVICE/App/usbd_desc.o
LOAD ./USB_DEVICE/Target/usbd_conf.o
START GROUP
LOAD d:/stm32cubeide_1.10.1/stm32cubeide/plugins/com.st.stm32cube.ide.mcu.externaltools.gnu-tools-for-stm32.10.3-2021.10.win32_1.0.100.202210260954/tools/bin/../lib/gcc/arm-none-eabi/10.3.1/../../../../arm-none-eabi/lib/thumb/v7e-m+fp/hard\libc_nano.a
LOAD d:/stm32cubeide_1.10.1/stm32cubeide/plugins/com.st.stm32cube.ide.mcu.externaltools.gnu-tools-for-stm32.10.3-2021.10.win32_1.0.100.202210260954/tools/bin/../lib/gcc/arm-none-eabi/10.3.1/../../../../arm-none-eabi/lib/thumb/v7e-m+fp/hard\libm.a
END GROUP
START GROUP
LOAD d:/stm32cubeide_1.10.1/stm32cubeide/plugins/com.st.stm32cube.ide.mcu.externaltools.gnu-tools-for-stm32.10.3-2021.10.win32_1.0.100.202210260954/tools/bin/../lib/gcc/arm-none-eabi/10.3.1/thumb/v7e-m+fp/hard\libgcc.a
LOAD d:/stm32cubeide_1.10.1/stm32cubeide/plugins/com.st.stm32cube.ide.mcu.externaltools.gnu-tools-for-stm32.10.3-2021.10.win32_1.0.100.202210260954/tools/bin/../lib/gcc/arm-none-eabi/10.3.1/../../../../arm-none-eabi/lib/thumb/v7e-m+fp/hard\libc_nano.a
END GROUP
START GROUP
LOAD d:/stm32cubeide_1.10.1/stm32cubeide/plugins/com.st.stm32cube.ide.mcu.externaltools.gnu-tools-for-stm32.10.3-2021.10.win32_1.0.100.202210260954/tools/bin/../lib/gcc/arm-none-eabi/10.3.1/thumb/v7e-m+fp/hard\libgcc.a
LOAD d:/stm32cubeide_1.10.1/stm32cubeide/plugins/com.st.stm32cube.ide.mcu.externaltools.gnu-tools-for-stm32.10.3-2021.10.win32_1.0.100.202210260954/tools/bin/../lib/gcc/arm-none-eabi/10.3.1/../../../../arm-none-eabi/lib/thumb/v7e-m+fp/hard\libc_nano.a
LOAD d:/stm32cubeide_1.10.1/stm32cubeide/plugins/com.st.stm32cube.ide.mcu.externaltools.gnu-tools-for-stm32.10.3-2021.10.win32_1.0.100.202210260954/tools/bin/../lib/gcc/arm-none-eabi/10.3.1/../../../../arm-none-eabi/lib/thumb/v7e-m+fp/hard\libnosys.a
END GROUP
START GROUP
LOAD d:/stm32cubeide_1.10.1/stm32cubeide/plugins/com.st.stm32cube.ide.mcu.externaltools.gnu-tools-for-stm32.10.3-2021.10.win32_1.0.100.202210260954/tools/bin/../lib/gcc/arm-none-eabi/10.3.1/thumb/v7e-m+fp/hard\libgcc.a
LOAD d:/stm32cubeide_1.10.1/stm32cubeide/plugins/com.st.stm32cube.ide.mcu.externaltools.gnu-tools-for-stm32.10.3-2021.10.win32_1.0.100.202210260954/tools/bin/../lib/gcc/arm-none-eabi/10.3.1/../../../../arm-none-eabi/lib/thumb/v7e-m+fp/hard\libc_nano.a
LOAD d:/stm32cubeide_1.10.1/stm32cubeide/plugins/com.st.stm32cube.ide.mcu.externaltools.gnu-tools-for-stm32.10.3-2021.10.win32_1.0.100.202210260954/tools/bin/../lib/gcc/arm-none-eabi/10.3.1/../../../../arm-none-eabi/lib/thumb/v7e-m+fp/hard\libnosys.a
END GROUP
LOAD d:/stm32cubeide_1.10.1/stm32cubeide/plugins/com.st.stm32cube.ide.mcu.externaltools.gnu-tools-for-stm32.10.3-2021.10.win32_1.0.100.202210260954/tools/bin/../lib/gcc/arm-none-eabi/10.3.1/thumb/v7e-m+fp/hard/crtend.o
LOAD d:/stm32cubeide_1.10.1/stm32cubeide/plugins/com.st.stm32cube.ide.mcu.externaltools.gnu-tools-for-stm32.10.3-2021.10.win32_1.0.100.202210260954/tools/bin/../lib/gcc/arm-none-eabi/10.3.1/thumb/v7e-m+fp/hard/crtn.o
                0x0000000020020000                _estack = (ORIGIN (RAM) + LENGTH (RAM))
                0x0000000000000200                _Min_Heap_Size = 0x200
                0x0000000000000400                _Min_Stack_Size = 0x400

.isr_vector     0x0000000008000000      0x188
                0x0000000008000000                . = ALIGN (0x4)
 *(.isr_vector)
 .isr_vector    0x0000000008000000      0x188 ./Core/Startup/startup_stm32f407vgtx.o
                0x0000000008000000                g_pfnVectors
                0x0000000008000188                . = ALIGN (0x4)

.text           0x0000000008000188     0x8e80
                0x0000000008000188                . = ALIGN (0x4)
 *(.text)
 .text          0x0000000008000188       0x40 d:/stm32cubeide_1.10.1/stm32cubeide/plugins/com.st.stm32cube.ide.mcu.externaltools.gnu-tools-for-stm32.10.3-2021.10.win32_1.0.100.202210260954/tools/bin/../lib/gcc/arm-none-eabi/10.3.1/thumb/v7e-m+fp/hard/crtbegin.o
 .text          0x00000000080001c8       0x14 d:/stm32cubeide_1.10.1/stm32cubeide/plugins/com.st.stm32cube.ide.mcu.externaltools.gnu-tools-for-stm32.10.3-2021.10.win32_1.0.100.202210260954/tools/bin/../lib/gcc/arm-none-eabi/10.3.1/../../../../arm-none-eabi/lib/thumb/v7e-m+fp/hard\libc_nano.a(lib_a-strcmp.o)
                0x00000000080001c8                strcmp
 .text          0x00000000080001dc       0x10 d:/stm32cubeide_1.10.1/stm32cubeide/plugins/com.st.stm32cube.ide.mcu.externaltools.gnu-tools-for-stm32.10.3-2021.10.win32_1.0.100.202210260954/tools/bin/../lib/gcc/arm-none-eabi/10.3.1/../../../../arm-none-eabi/lib/thumb/v7e-m+fp/hard\libc_nano.a(lib_a-strlen.o)
                0x00000000080001dc                strlen
 .text          0x00000000080001ec       0x30 d:/stm32cubeide_1.10.1/stm32cubeide/plugins/com.st.stm32cube.ide.mcu.externaltools.gnu-tools-for-stm32.10.3-2021.10.win32_1.0.100.202210260954/tools/bin/../lib/gcc/arm-none-eabi/10.3.1/thumb/v7e-m+fp/hard\libgcc.a(_aeabi_uldivmod.o)
                0x00000000080001ec                __aeabi_uldivmod
 .text          0x000000000800021c      0x2d0 d:/stm32cubeide_1.10.1/stm32cubeide/plugins/com.st.stm32cube.ide.mcu.externaltools.gnu-tools-for-stm32.10.3-2021.10.win32_1.0.100.202210260954/tools/bin/../lib/gcc/arm-none-eabi/10.3.1/thumb/v7e-m+fp/hard\libgcc.a(_udivmoddi4.o)
                0x000000000800021c                __udivmoddi4
 .text          0x00000000080004ec        0x4 d:/stm32cubeide_1.10.1/stm32cubeide/plugins/com.st.stm32cube.ide.mcu.externaltools.gnu-tools-for-stm32.10.3-2021.10.win32_1.0.100.202210260954/tools/bin/../lib/gcc/arm-none-eabi/10.3.1/thumb/v7e-m+fp/hard\libgcc.a(_dvmd_tls.o)
                0x00000000080004ec                __aeabi_idiv0
                0x00000000080004ec                __aeabi_ldiv0
 *(.text*)
 .text.decoder  0x00000000080004f0       0x68 ./Core/Src/main.o
                0x00000000080004f0                decoder
 .text.mors     0x0000000008000558       0x80 ./Core/Src/main.o
                0x0000000008000558                mors
 .text.mors_blink
                0x00000000080005d8      0x118 ./Core/Src/main.o
                0x00000000080005d8                mors_blink
 .text.main     0x00000000080006f0       0x44 ./Core/Src/main.o
                0x00000000080006f0                main
 .text.SystemClock_Config
                0x0000000008000734       0xd4 ./Core/Src/main.o
                0x0000000008000734                SystemClock_Config
 .text.MX_I2C1_Init
                0x0000000008000808       0x5c ./Core/Src/main.o
 .text.MX_I2S3_Init
                0x0000000008000864       0x60 ./Core/Src/main.o
 .text.MX_SPI1_Init
                0x00000000080008c4       0x6c ./Core/Src/main.o
 .text.MX_TIM6_Init
                0x0000000008000930       0x6c ./Core/Src/main.o
 .text.MX_TIM7_Init
                0x000000000800099c       0x6c ./Core/Src/main.o
 .text.MX_GPIO_Init
                0x0000000008000a08      0x21c ./Core/Src/main.o
 .text.HAL_GPIO_EXTI_Callback
                0x0000000008000c24       0xbc ./Core/Src/main.o
                0x0000000008000c24                HAL_GPIO_EXTI_Callback
 .text.HAL_TIM_PeriodElapsedCallback
                0x0000000008000ce0       0x28 ./Core/Src/main.o
                0x0000000008000ce0                HAL_TIM_PeriodElapsedCallback
 .text.Error_Handler
                0x0000000008000d08        0xa ./Core/Src/main.o
                0x0000000008000d08                Error_Handler
 *fill*         0x0000000008000d12        0x2 
 .text.HAL_MspInit
                0x0000000008000d14       0x50 ./Core/Src/stm32f4xx_hal_msp.o
                0x0000000008000d14                HAL_MspInit
 .text.HAL_I2C_MspInit
                0x0000000008000d64       0x90 ./Core/Src/stm32f4xx_hal_msp.o
                0x0000000008000d64                HAL_I2C_MspInit
 .text.HAL_I2S_MspInit
                0x0000000008000df4      0x100 ./Core/Src/stm32f4xx_hal_msp.o
                0x0000000008000df4                HAL_I2S_MspInit
 .text.HAL_SPI_MspInit
                0x0000000008000ef4       0x90 ./Core/Src/stm32f4xx_hal_msp.o
                0x0000000008000ef4                HAL_SPI_MspInit
 .text.HAL_TIM_Base_MspInit
                0x0000000008000f84       0x7c ./Core/Src/stm32f4xx_hal_msp.o
                0x0000000008000f84                HAL_TIM_Base_MspInit
 .text.NMI_Handler
                0x0000000008001000        0x6 ./Core/Src/stm32f4xx_it.o
                0x0000000008001000                NMI_Handler
 .text.HardFault_Handler
                0x0000000008001006        0x6 ./Core/Src/stm32f4xx_it.o
                0x0000000008001006                HardFault_Handler
 .text.MemManage_Handler
                0x000000000800100c        0x6 ./Core/Src/stm32f4xx_it.o
                0x000000000800100c                MemManage_Handler
 .text.BusFault_Handler
                0x0000000008001012        0x6 ./Core/Src/stm32f4xx_it.o
                0x0000000008001012                BusFault_Handler
 .text.UsageFault_Handler
                0x0000000008001018        0x6 ./Core/Src/stm32f4xx_it.o
                0x0000000008001018                UsageFault_Handler
 .text.SVC_Handler
                0x000000000800101e        0xe ./Core/Src/stm32f4xx_it.o
                0x000000000800101e                SVC_Handler
 .text.DebugMon_Handler
                0x000000000800102c        0xe ./Core/Src/stm32f4xx_it.o
                0x000000000800102c                DebugMon_Handler
 .text.PendSV_Handler
                0x000000000800103a        0xe ./Core/Src/stm32f4xx_it.o
                0x000000000800103a                PendSV_Handler
 .text.SysTick_Handler
                0x0000000008001048        0xc ./Core/Src/stm32f4xx_it.o
                0x0000000008001048                SysTick_Handler
 .text.EXTI0_IRQHandler
                0x0000000008001054        0xe ./Core/Src/stm32f4xx_it.o
                0x0000000008001054                EXTI0_IRQHandler
 .text.EXTI1_IRQHandler
                0x0000000008001062        0xe ./Core/Src/stm32f4xx_it.o
                0x0000000008001062                EXTI1_IRQHandler
 .text.TIM6_DAC_IRQHandler
                0x0000000008001070       0x14 ./Core/Src/stm32f4xx_it.o
                0x0000000008001070                TIM6_DAC_IRQHandler
 .text.OTG_FS_IRQHandler
                0x0000000008001084       0x14 ./Core/Src/stm32f4xx_it.o
                0x0000000008001084                OTG_FS_IRQHandler
 .text.SystemInit
                0x0000000008001098       0x24 ./Core/Src/system_stm32f4xx.o
                0x0000000008001098                SystemInit
 .text.Reset_Handler
                0x00000000080010bc       0x50 ./Core/Startup/startup_stm32f407vgtx.o
                0x00000000080010bc                Reset_Handler
 .text.Default_Handler
                0x000000000800110c        0x2 ./Core/Startup/startup_stm32f407vgtx.o
                0x000000000800110c                RTC_Alarm_IRQHandler
                0x000000000800110c                HASH_RNG_IRQHandler
                0x000000000800110c                EXTI2_IRQHandler
                0x000000000800110c                TIM8_CC_IRQHandler
                0x000000000800110c                TIM1_CC_IRQHandler
                0x000000000800110c                DMA2_Stream5_IRQHandler
                0x000000000800110c                DMA1_Stream5_IRQHandler
                0x000000000800110c                PVD_IRQHandler
                0x000000000800110c                SDIO_IRQHandler
                0x000000000800110c                TAMP_STAMP_IRQHandler
                0x000000000800110c                CAN2_RX1_IRQHandler
                0x000000000800110c                EXTI3_IRQHandler
                0x000000000800110c                TIM8_TRG_COM_TIM14_IRQHandler
                0x000000000800110c                TIM1_UP_TIM10_IRQHandler
                0x000000000800110c                TIM8_UP_TIM13_IRQHandler
                0x000000000800110c                I2C3_ER_IRQHandler
                0x000000000800110c                I2C2_EV_IRQHandler
                0x000000000800110c                DMA1_Stream2_IRQHandler
                0x000000000800110c                CAN1_RX0_IRQHandler
                0x000000000800110c                FPU_IRQHandler
                0x000000000800110c                OTG_HS_WKUP_IRQHandler
                0x000000000800110c                CAN2_SCE_IRQHandler
                0x000000000800110c                DMA2_Stream2_IRQHandler
                0x000000000800110c                SPI1_IRQHandler
                0x000000000800110c                TIM1_BRK_TIM9_IRQHandler
                0x000000000800110c                DCMI_IRQHandler
                0x000000000800110c                CAN2_RX0_IRQHandler
                0x000000000800110c                DMA2_Stream3_IRQHandler
                0x000000000800110c                USART6_IRQHandler
                0x000000000800110c                USART3_IRQHandler
                0x000000000800110c                CAN1_RX1_IRQHandler
                0x000000000800110c                UART5_IRQHandler
                0x000000000800110c                DMA2_Stream0_IRQHandler
                0x000000000800110c                TIM4_IRQHandler
                0x000000000800110c                I2C1_EV_IRQHandler
                0x000000000800110c                DMA1_Stream6_IRQHandler
                0x000000000800110c                DMA1_Stream1_IRQHandler
                0x000000000800110c                UART4_IRQHandler
                0x000000000800110c                TIM3_IRQHandler
                0x000000000800110c                RCC_IRQHandler
                0x000000000800110c                TIM8_BRK_TIM12_IRQHandler
                0x000000000800110c                Default_Handler
                0x000000000800110c                EXTI15_10_IRQHandler
                0x000000000800110c                ADC_IRQHandler
                0x000000000800110c                DMA1_Stream7_IRQHandler
                0x000000000800110c                TIM7_IRQHandler
                0x000000000800110c                CAN2_TX_IRQHandler
                0x000000000800110c                TIM5_IRQHandler
                0x000000000800110c                DMA2_Stream7_IRQHandler
                0x000000000800110c                I2C3_EV_IRQHandler
                0x000000000800110c                EXTI9_5_IRQHandler
                0x000000000800110c                RTC_WKUP_IRQHandler
                0x000000000800110c                ETH_WKUP_IRQHandler
                0x000000000800110c                SPI2_IRQHandler
                0x000000000800110c                OTG_HS_EP1_IN_IRQHandler
                0x000000000800110c                DMA1_Stream0_IRQHandler
                0x000000000800110c                CAN1_TX_IRQHandler
                0x000000000800110c                EXTI4_IRQHandler
                0x000000000800110c                FSMC_IRQHandler
                0x000000000800110c                ETH_IRQHandler
                0x000000000800110c                OTG_HS_EP1_OUT_IRQHandler
                0x000000000800110c                WWDG_IRQHandler
                0x000000000800110c                TIM2_IRQHandler
                0x000000000800110c                OTG_FS_WKUP_IRQHandler
                0x000000000800110c                TIM1_TRG_COM_TIM11_IRQHandler
                0x000000000800110c                OTG_HS_IRQHandler
                0x000000000800110c                USART2_IRQHandler
                0x000000000800110c                I2C2_ER_IRQHandler
                0x000000000800110c                DMA2_Stream1_IRQHandler
                0x000000000800110c                CAN1_SCE_IRQHandler
                0x000000000800110c                FLASH_IRQHandler
                0x000000000800110c                DMA2_Stream4_IRQHandler
                0x000000000800110c                USART1_IRQHandler
                0x000000000800110c                SPI3_IRQHandler
                0x000000000800110c                DMA1_Stream4_IRQHandler
                0x000000000800110c                I2C1_ER_IRQHandler
                0x000000000800110c                DMA2_Stream6_IRQHandler
                0x000000000800110c                DMA1_Stream3_IRQHandler
 *fill*         0x000000000800110e        0x2 
 .text.HAL_Init
                0x0000000008001110       0x44 ./Drivers/STM32F4xx_HAL_Driver/Src/stm32f4xx_hal.o
                0x0000000008001110                HAL_Init
 .text.HAL_InitTick
                0x0000000008001154       0x60 ./Drivers/STM32F4xx_HAL_Driver/Src/stm32f4xx_hal.o
                0x0000000008001154                HAL_InitTick
 .text.HAL_IncTick
                0x00000000080011b4       0x28 ./Drivers/STM32F4xx_HAL_Driver/Src/stm32f4xx_hal.o
                0x00000000080011b4                HAL_IncTick
 .text.HAL_GetTick
                0x00000000080011dc       0x18 ./Drivers/STM32F4xx_HAL_Driver/Src/stm32f4xx_hal.o
                0x00000000080011dc                HAL_GetTick
 .text.HAL_Delay
                0x00000000080011f4       0x48 ./Drivers/STM32F4xx_HAL_Driver/Src/stm32f4xx_hal.o
                0x00000000080011f4                HAL_Delay
 .text.__NVIC_SetPriorityGrouping
                0x000000000800123c       0x48 ./Drivers/STM32F4xx_HAL_Driver/Src/stm32f4xx_hal_cortex.o
 .text.__NVIC_GetPriorityGrouping
                0x0000000008001284       0x1c ./Drivers/STM32F4xx_HAL_Driver/Src/stm32f4xx_hal_cortex.o
 .text.__NVIC_EnableIRQ
                0x00000000080012a0       0x3c ./Drivers/STM32F4xx_HAL_Driver/Src/stm32f4xx_hal_cortex.o
 .text.__NVIC_DisableIRQ
                0x00000000080012dc       0x48 ./Drivers/STM32F4xx_HAL_Driver/Src/stm32f4xx_hal_cortex.o
 .text.__NVIC_SetPriority
                0x0000000008001324       0x54 ./Drivers/STM32F4xx_HAL_Driver/Src/stm32f4xx_hal_cortex.o
 .text.NVIC_EncodePriority
                0x0000000008001378       0x66 ./Drivers/STM32F4xx_HAL_Driver/Src/stm32f4xx_hal_cortex.o
 *fill*         0x00000000080013de        0x2 
 .text.SysTick_Config
                0x00000000080013e0       0x44 ./Drivers/STM32F4xx_HAL_Driver/Src/stm32f4xx_hal_cortex.o
 .text.HAL_NVIC_SetPriorityGrouping
                0x0000000008001424       0x16 ./Drivers/STM32F4xx_HAL_Driver/Src/stm32f4xx_hal_cortex.o
                0x0000000008001424                HAL_NVIC_SetPriorityGrouping
 .text.HAL_NVIC_SetPriority
                0x000000000800143a       0x38 ./Drivers/STM32F4xx_HAL_Driver/Src/stm32f4xx_hal_cortex.o
                0x000000000800143a                HAL_NVIC_SetPriority
 .text.HAL_NVIC_EnableIRQ
                0x0000000008001472       0x1c ./Drivers/STM32F4xx_HAL_Driver/Src/stm32f4xx_hal_cortex.o
                0x0000000008001472                HAL_NVIC_EnableIRQ
 .text.HAL_NVIC_DisableIRQ
                0x000000000800148e       0x1c ./Drivers/STM32F4xx_HAL_Driver/Src/stm32f4xx_hal_cortex.o
                0x000000000800148e                HAL_NVIC_DisableIRQ
 .text.HAL_SYSTICK_Config
                0x00000000080014aa       0x18 ./Drivers/STM32F4xx_HAL_Driver/Src/stm32f4xx_hal_cortex.o
                0x00000000080014aa                HAL_SYSTICK_Config
 *fill*         0x00000000080014c2        0x2 
 .text.HAL_GPIO_Init
                0x00000000080014c4      0x338 ./Drivers/STM32F4xx_HAL_Driver/Src/stm32f4xx_hal_gpio.o
                0x00000000080014c4                HAL_GPIO_Init
 .text.HAL_GPIO_ReadPin
                0x00000000080017fc       0x30 ./Drivers/STM32F4xx_HAL_Driver/Src/stm32f4xx_hal_gpio.o
                0x00000000080017fc                HAL_GPIO_ReadPin
 .text.HAL_GPIO_WritePin
                0x000000000800182c       0x32 ./Drivers/STM32F4xx_HAL_Driver/Src/stm32f4xx_hal_gpio.o
                0x000000000800182c                HAL_GPIO_WritePin
 *fill*         0x000000000800185e        0x2 
 .text.HAL_GPIO_EXTI_IRQHandler
                0x0000000008001860       0x30 ./Drivers/STM32F4xx_HAL_Driver/Src/stm32f4xx_hal_gpio.o
                0x0000000008001860                HAL_GPIO_EXTI_IRQHandler
 .text.HAL_I2C_Init
                0x0000000008001890      0x288 ./Drivers/STM32F4xx_HAL_Driver/Src/stm32f4xx_hal_i2c.o
                0x0000000008001890                HAL_I2C_Init
 .text.HAL_I2S_Init
                0x0000000008001b18      0x280 ./Drivers/STM32F4xx_HAL_Driver/Src/stm32f4xx_hal_i2s.o
                0x0000000008001b18                HAL_I2S_Init
 .text.HAL_I2S_TxCpltCallback
                0x0000000008001d98       0x14 ./Drivers/STM32F4xx_HAL_Driver/Src/stm32f4xx_hal_i2s.o
                0x0000000008001d98                HAL_I2S_TxCpltCallback
 .text.HAL_I2S_RxCpltCallback
                0x0000000008001dac       0x14 ./Drivers/STM32F4xx_HAL_Driver/Src/stm32f4xx_hal_i2s.o
                0x0000000008001dac                HAL_I2S_RxCpltCallback
 .text.HAL_I2S_ErrorCallback
                0x0000000008001dc0       0x14 ./Drivers/STM32F4xx_HAL_Driver/Src/stm32f4xx_hal_i2s.o
                0x0000000008001dc0                HAL_I2S_ErrorCallback
 .text.I2S_Transmit_IT
                0x0000000008001dd4       0x5c ./Drivers/STM32F4xx_HAL_Driver/Src/stm32f4xx_hal_i2s.o
 .text.I2S_Receive_IT
                0x0000000008001e30       0x5e ./Drivers/STM32F4xx_HAL_Driver/Src/stm32f4xx_hal_i2s.o
 .text.I2S_IRQHandler
                0x0000000008001e8e      0x114 ./Drivers/STM32F4xx_HAL_Driver/Src/stm32f4xx_hal_i2s.o
 *fill*         0x0000000008001fa2        0x2 
 .text.HAL_I2SEx_FullDuplex_IRQHandler
                0x0000000008001fa4      0x2a8 ./Drivers/STM32F4xx_HAL_Driver/Src/stm32f4xx_hal_i2s_ex.o
                0x0000000008001fa4                HAL_I2SEx_FullDuplex_IRQHandler
 .text.HAL_I2SEx_TxRxCpltCallback
                0x000000000800224c       0x14 ./Drivers/STM32F4xx_HAL_Driver/Src/stm32f4xx_hal_i2s_ex.o
                0x000000000800224c                HAL_I2SEx_TxRxCpltCallback
 .text.I2SEx_TxISR_I2S
                0x0000000008002260       0x62 ./Drivers/STM32F4xx_HAL_Driver/Src/stm32f4xx_hal_i2s_ex.o
 *fill*         0x00000000080022c2        0x2 
 .text.I2SEx_TxISR_I2SExt
                0x00000000080022c4       0x98 ./Drivers/STM32F4xx_HAL_Driver/Src/stm32f4xx_hal_i2s_ex.o
 .text.I2SEx_RxISR_I2S
                0x000000000800235c       0x64 ./Drivers/STM32F4xx_HAL_Driver/Src/stm32f4xx_hal_i2s_ex.o
 .text.I2SEx_RxISR_I2SExt
                0x00000000080023c0       0x98 ./Drivers/STM32F4xx_HAL_Driver/Src/stm32f4xx_hal_i2s_ex.o
 .text.HAL_PCD_Init
                0x0000000008002458      0x23a ./Drivers/STM32F4xx_HAL_Driver/Src/stm32f4xx_hal_pcd.o
                0x0000000008002458                HAL_PCD_Init
 .text.HAL_PCD_Start
                0x0000000008002692       0x66 ./Drivers/STM32F4xx_HAL_Driver/Src/stm32f4xx_hal_pcd.o
                0x0000000008002692                HAL_PCD_Start
 .text.HAL_PCD_IRQHandler
                0x00000000080026f8      0x93e ./Drivers/STM32F4xx_HAL_Driver/Src/stm32f4xx_hal_pcd.o
                0x00000000080026f8                HAL_PCD_IRQHandler
 .text.HAL_PCD_SetAddress
                0x0000000008003036       0x4a ./Drivers/STM32F4xx_HAL_Driver/Src/stm32f4xx_hal_pcd.o
                0x0000000008003036                HAL_PCD_SetAddress
 .text.HAL_PCD_EP_Open
                0x0000000008003080       0xd0 ./Drivers/STM32F4xx_HAL_Driver/Src/stm32f4xx_hal_pcd.o
                0x0000000008003080                HAL_PCD_EP_Open
 .text.HAL_PCD_EP_Close
                0x0000000008003150       0x94 ./Drivers/STM32F4xx_HAL_Driver/Src/stm32f4xx_hal_pcd.o
                0x0000000008003150                HAL_PCD_EP_Close
 .text.HAL_PCD_EP_Receive
                0x00000000080031e4       0x96 ./Drivers/STM32F4xx_HAL_Driver/Src/stm32f4xx_hal_pcd.o
                0x00000000080031e4                HAL_PCD_EP_Receive
 .text.HAL_PCD_EP_GetRxCount
                0x000000000800327a       0x30 ./Drivers/STM32F4xx_HAL_Driver/Src/stm32f4xx_hal_pcd.o
                0x000000000800327a                HAL_PCD_EP_GetRxCount
 .text.HAL_PCD_EP_Transmit
                0x00000000080032aa       0x94 ./Drivers/STM32F4xx_HAL_Driver/Src/stm32f4xx_hal_pcd.o
                0x00000000080032aa                HAL_PCD_EP_Transmit
 .text.HAL_PCD_EP_SetStall
                0x000000000800333e       0xc8 ./Drivers/STM32F4xx_HAL_Driver/Src/stm32f4xx_hal_pcd.o
                0x000000000800333e                HAL_PCD_EP_SetStall
 .text.HAL_PCD_EP_ClrStall
                0x0000000008003406       0xac ./Drivers/STM32F4xx_HAL_Driver/Src/stm32f4xx_hal_pcd.o
                0x0000000008003406                HAL_PCD_EP_ClrStall
 .text.HAL_PCD_EP_Abort
                0x00000000080034b2       0x62 ./Drivers/STM32F4xx_HAL_Driver/Src/stm32f4xx_hal_pcd.o
                0x00000000080034b2                HAL_PCD_EP_Abort
 .text.PCD_WriteEmptyTxFifo
                0x0000000008003514      0x11a ./Drivers/STM32F4xx_HAL_Driver/Src/stm32f4xx_hal_pcd.o
 *fill*         0x000000000800362e        0x2 
 .text.PCD_EP_OutXfrComplete_int
                0x0000000008003630      0x1d0 ./Drivers/STM32F4xx_HAL_Driver/Src/stm32f4xx_hal_pcd.o
 .text.PCD_EP_OutSetupPacket_int
                0x0000000008003800       0x8c ./Drivers/STM32F4xx_HAL_Driver/Src/stm32f4xx_hal_pcd.o
 .text.HAL_PCDEx_SetTxFiFo
                0x000000000800388c       0x8e ./Drivers/STM32F4xx_HAL_Driver/Src/stm32f4xx_hal_pcd_ex.o
                0x000000000800388c                HAL_PCDEx_SetTxFiFo
 .text.HAL_PCDEx_SetRxFiFo
                0x000000000800391a       0x22 ./Drivers/STM32F4xx_HAL_Driver/Src/stm32f4xx_hal_pcd_ex.o
                0x000000000800391a                HAL_PCDEx_SetRxFiFo
 .text.HAL_PCDEx_LPM_Callback
                0x000000000800393c       0x18 ./Drivers/STM32F4xx_HAL_Driver/Src/stm32f4xx_hal_pcd_ex.o
                0x000000000800393c                HAL_PCDEx_LPM_Callback
 .text.HAL_RCC_OscConfig
                0x0000000008003954      0x4f0 ./Drivers/STM32F4xx_HAL_Driver/Src/stm32f4xx_hal_rcc.o
                0x0000000008003954                HAL_RCC_OscConfig
 .text.HAL_RCC_ClockConfig
                0x0000000008003e44      0x1cc ./Drivers/STM32F4xx_HAL_Driver/Src/stm32f4xx_hal_rcc.o
                0x0000000008003e44                HAL_RCC_ClockConfig
 .text.HAL_RCC_GetSysClockFreq
                0x0000000008004010      0x20c ./Drivers/STM32F4xx_HAL_Driver/Src/stm32f4xx_hal_rcc.o
                0x0000000008004010                HAL_RCC_GetSysClockFreq
 .text.HAL_RCC_GetHCLKFreq
                0x000000000800421c       0x18 ./Drivers/STM32F4xx_HAL_Driver/Src/stm32f4xx_hal_rcc.o
                0x000000000800421c                HAL_RCC_GetHCLKFreq
 .text.HAL_RCC_GetPCLK1Freq
                0x0000000008004234       0x28 ./Drivers/STM32F4xx_HAL_Driver/Src/stm32f4xx_hal_rcc.o
                0x0000000008004234                HAL_RCC_GetPCLK1Freq
 .text.HAL_RCCEx_PeriphCLKConfig
                0x000000000800425c      0x1c4 ./Drivers/STM32F4xx_HAL_Driver/Src/stm32f4xx_hal_rcc_ex.o
                0x000000000800425c                HAL_RCCEx_PeriphCLKConfig
 .text.HAL_RCCEx_GetPeriphCLKFreq
                0x0000000008004420       0xbc ./Drivers/STM32F4xx_HAL_Driver/Src/stm32f4xx_hal_rcc_ex.o
                0x0000000008004420                HAL_RCCEx_GetPeriphCLKFreq
 .text.HAL_SPI_Init
                0x00000000080044dc      0x112 ./Drivers/STM32F4xx_HAL_Driver/Src/stm32f4xx_hal_spi.o
                0x00000000080044dc                HAL_SPI_Init
 .text.HAL_TIM_Base_Init
                0x00000000080045ee       0x9e ./Drivers/STM32F4xx_HAL_Driver/Src/stm32f4xx_hal_tim.o
                0x00000000080045ee                HAL_TIM_Base_Init
 .text.HAL_TIM_Base_Start
                0x000000000800468c       0xd0 ./Drivers/STM32F4xx_HAL_Driver/Src/stm32f4xx_hal_tim.o
                0x000000000800468c                HAL_TIM_Base_Start
 .text.HAL_TIM_Base_Start_IT
                0x000000000800475c       0xe0 ./Drivers/STM32F4xx_HAL_Driver/Src/stm32f4xx_hal_tim.o
                0x000000000800475c                HAL_TIM_Base_Start_IT
 .text.HAL_TIM_IRQHandler
                0x000000000800483c      0x210 ./Drivers/STM32F4xx_HAL_Driver/Src/stm32f4xx_hal_tim.o
                0x000000000800483c                HAL_TIM_IRQHandler
 .text.HAL_TIM_OC_DelayElapsedCallback
                0x0000000008004a4c       0x14 ./Drivers/STM32F4xx_HAL_Driver/Src/stm32f4xx_hal_tim.o
                0x0000000008004a4c                HAL_TIM_OC_DelayElapsedCallback
 .text.HAL_TIM_IC_CaptureCallback
                0x0000000008004a60       0x14 ./Drivers/STM32F4xx_HAL_Driver/Src/stm32f4xx_hal_tim.o
                0x0000000008004a60                HAL_TIM_IC_CaptureCallback
 .text.HAL_TIM_PWM_PulseFinishedCallback
                0x0000000008004a74       0x14 ./Drivers/STM32F4xx_HAL_Driver/Src/stm32f4xx_hal_tim.o
                0x0000000008004a74                HAL_TIM_PWM_PulseFinishedCallback
 .text.HAL_TIM_TriggerCallback
                0x0000000008004a88       0x14 ./Drivers/STM32F4xx_HAL_Driver/Src/stm32f4xx_hal_tim.o
                0x0000000008004a88                HAL_TIM_TriggerCallback
 .text.TIM_Base_SetConfig
                0x0000000008004a9c      0x140 ./Drivers/STM32F4xx_HAL_Driver/Src/stm32f4xx_hal_tim.o
                0x0000000008004a9c                TIM_Base_SetConfig
 .text.HAL_TIMEx_MasterConfigSynchronization
                0x0000000008004bdc       0xf8 ./Drivers/STM32F4xx_HAL_Driver/Src/stm32f4xx_hal_tim_ex.o
                0x0000000008004bdc                HAL_TIMEx_MasterConfigSynchronization
 .text.HAL_TIMEx_CommutCallback
                0x0000000008004cd4       0x14 ./Drivers/STM32F4xx_HAL_Driver/Src/stm32f4xx_hal_tim_ex.o
                0x0000000008004cd4                HAL_TIMEx_CommutCallback
 .text.HAL_TIMEx_BreakCallback
                0x0000000008004ce8       0x14 ./Drivers/STM32F4xx_HAL_Driver/Src/stm32f4xx_hal_tim_ex.o
                0x0000000008004ce8                HAL_TIMEx_BreakCallback
 .text.USB_CoreInit
                0x0000000008004cfc       0xc2 ./Drivers/STM32F4xx_HAL_Driver/Src/stm32f4xx_ll_usb.o
                0x0000000008004cfc                USB_CoreInit
 *fill*         0x0000000008004dbe        0x2 
 .text.USB_SetTurnaroundTime
                0x0000000008004dc0      0x144 ./Drivers/STM32F4xx_HAL_Driver/Src/stm32f4xx_ll_usb.o
                0x0000000008004dc0                USB_SetTurnaroundTime
 .text.USB_EnableGlobalInt
                0x0000000008004f04       0x22 ./Drivers/STM32F4xx_HAL_Driver/Src/stm32f4xx_ll_usb.o
                0x0000000008004f04                USB_EnableGlobalInt
 .text.USB_DisableGlobalInt
                0x0000000008004f26       0x22 ./Drivers/STM32F4xx_HAL_Driver/Src/stm32f4xx_ll_usb.o
                0x0000000008004f26                USB_DisableGlobalInt
 .text.USB_SetCurrentMode
                0x0000000008004f48       0x98 ./Drivers/STM32F4xx_HAL_Driver/Src/stm32f4xx_ll_usb.o
                0x0000000008004f48                USB_SetCurrentMode
 .text.USB_DevInit
                0x0000000008004fe0      0x2c8 ./Drivers/STM32F4xx_HAL_Driver/Src/stm32f4xx_ll_usb.o
                0x0000000008004fe0                USB_DevInit
 .text.USB_FlushTxFifo
                0x00000000080052a8       0x68 ./Drivers/STM32F4xx_HAL_Driver/Src/stm32f4xx_ll_usb.o
                0x00000000080052a8                USB_FlushTxFifo
 .text.USB_FlushRxFifo
                0x0000000008005310       0x60 ./Drivers/STM32F4xx_HAL_Driver/Src/stm32f4xx_ll_usb.o
                0x0000000008005310                USB_FlushRxFifo
 .text.USB_SetDevSpeed
                0x0000000008005370       0x32 ./Drivers/STM32F4xx_HAL_Driver/Src/stm32f4xx_ll_usb.o
                0x0000000008005370                USB_SetDevSpeed
 .text.USB_GetDevSpeed
                0x00000000080053a2       0x4a ./Drivers/STM32F4xx_HAL_Driver/Src/stm32f4xx_ll_usb.o
                0x00000000080053a2                USB_GetDevSpeed
 .text.USB_ActivateEndpoint
                0x00000000080053ec      0x10e ./Drivers/STM32F4xx_HAL_Driver/Src/stm32f4xx_ll_usb.o
                0x00000000080053ec                USB_ActivateEndpoint
 *fill*         0x00000000080054fa        0x2 
 .text.USB_DeactivateEndpoint
                0x00000000080054fc      0x1b8 ./Drivers/STM32F4xx_HAL_Driver/Src/stm32f4xx_ll_usb.o
                0x00000000080054fc                USB_DeactivateEndpoint
 .text.USB_EPStartXfer
                0x00000000080056b4      0x490 ./Drivers/STM32F4xx_HAL_Driver/Src/stm32f4xx_ll_usb.o
                0x00000000080056b4                USB_EPStartXfer
 .text.USB_EP0StartXfer
                0x0000000008005b44      0x2b0 ./Drivers/STM32F4xx_HAL_Driver/Src/stm32f4xx_ll_usb.o
                0x0000000008005b44                USB_EP0StartXfer
 .text.USB_EPStopXfer
                0x0000000008005df4      0x154 ./Drivers/STM32F4xx_HAL_Driver/Src/stm32f4xx_ll_usb.o
                0x0000000008005df4                USB_EPStopXfer
 .text.USB_WritePacket
                0x0000000008005f48       0x7c ./Drivers/STM32F4xx_HAL_Driver/Src/stm32f4xx_ll_usb.o
                0x0000000008005f48                USB_WritePacket
 .text.USB_ReadPacket
                0x0000000008005fc4       0xb0 ./Drivers/STM32F4xx_HAL_Driver/Src/stm32f4xx_ll_usb.o
                0x0000000008005fc4                USB_ReadPacket
 .text.USB_EPSetStall
                0x0000000008006074       0xdc ./Drivers/STM32F4xx_HAL_Driver/Src/stm32f4xx_ll_usb.o
                0x0000000008006074                USB_EPSetStall
 .text.USB_EPClearStall
                0x0000000008006150       0xcc ./Drivers/STM32F4xx_HAL_Driver/Src/stm32f4xx_ll_usb.o
                0x0000000008006150                USB_EPClearStall
 .text.USB_SetDevAddress
                0x000000000800621c       0x4c ./Drivers/STM32F4xx_HAL_Driver/Src/stm32f4xx_ll_usb.o
                0x000000000800621c                USB_SetDevAddress
 .text.USB_DevConnect
                0x0000000008006268       0x42 ./Drivers/STM32F4xx_HAL_Driver/Src/stm32f4xx_ll_usb.o
                0x0000000008006268                USB_DevConnect
 .text.USB_DevDisconnect
                0x00000000080062aa       0x42 ./Drivers/STM32F4xx_HAL_Driver/Src/stm32f4xx_ll_usb.o
                0x00000000080062aa                USB_DevDisconnect
 .text.USB_ReadInterrupts
                0x00000000080062ec       0x26 ./Drivers/STM32F4xx_HAL_Driver/Src/stm32f4xx_ll_usb.o
                0x00000000080062ec                USB_ReadInterrupts
 .text.USB_ReadDevAllOutEpInterrupt
                0x0000000008006312       0x34 ./Drivers/STM32F4xx_HAL_Driver/Src/stm32f4xx_ll_usb.o
                0x0000000008006312                USB_ReadDevAllOutEpInterrupt
 .text.USB_ReadDevAllInEpInterrupt
                0x0000000008006346       0x34 ./Drivers/STM32F4xx_HAL_Driver/Src/stm32f4xx_ll_usb.o
                0x0000000008006346                USB_ReadDevAllInEpInterrupt
 .text.USB_ReadDevOutEPInterrupt
                0x000000000800637a       0x3c ./Drivers/STM32F4xx_HAL_Driver/Src/stm32f4xx_ll_usb.o
                0x000000000800637a                USB_ReadDevOutEPInterrupt
 .text.USB_ReadDevInEPInterrupt
                0x00000000080063b6       0x5c ./Drivers/STM32F4xx_HAL_Driver/Src/stm32f4xx_ll_usb.o
                0x00000000080063b6                USB_ReadDevInEPInterrupt
 .text.USB_GetMode
                0x0000000008006412       0x1c ./Drivers/STM32F4xx_HAL_Driver/Src/stm32f4xx_ll_usb.o
                0x0000000008006412                USB_GetMode
 .text.USB_ActivateSetup
                0x000000000800642e       0x46 ./Drivers/STM32F4xx_HAL_Driver/Src/stm32f4xx_ll_usb.o
                0x000000000800642e                USB_ActivateSetup
 .text.USB_EP0_OutStart
                0x0000000008006474       0xbc ./Drivers/STM32F4xx_HAL_Driver/Src/stm32f4xx_ll_usb.o
                0x0000000008006474                USB_EP0_OutStart
 .text.USB_CoreReset
                0x0000000008006530       0x68 ./Drivers/STM32F4xx_HAL_Driver/Src/stm32f4xx_ll_usb.o
 .text.USBD_CDC_Init
                0x0000000008006598      0x1f0 ./Middlewares/ST/STM32_USB_Device_Library/Class/CDC/Src/usbd_cdc.o
 .text.USBD_CDC_DeInit
                0x0000000008006788      0x104 ./Middlewares/ST/STM32_USB_Device_Library/Class/CDC/Src/usbd_cdc.o
 .text.USBD_CDC_Setup
                0x000000000800688c      0x1b8 ./Middlewares/ST/STM32_USB_Device_Library/Class/CDC/Src/usbd_cdc.o
 .text.USBD_CDC_DataIn
                0x0000000008006a44       0xfe ./Middlewares/ST/STM32_USB_Device_Library/Class/CDC/Src/usbd_cdc.o
 .text.USBD_CDC_DataOut
                0x0000000008006b42       0x70 ./Middlewares/ST/STM32_USB_Device_Library/Class/CDC/Src/usbd_cdc.o
 .text.USBD_CDC_EP0_RxReady
                0x0000000008006bb2       0x76 ./Middlewares/ST/STM32_USB_Device_Library/Class/CDC/Src/usbd_cdc.o
 .text.USBD_CDC_GetFSCfgDesc
                0x0000000008006c28       0x70 ./Middlewares/ST/STM32_USB_Device_Library/Class/CDC/Src/usbd_cdc.o
 .text.USBD_CDC_GetHSCfgDesc
                0x0000000008006c98       0x70 ./Middlewares/ST/STM32_USB_Device_Library/Class/CDC/Src/usbd_cdc.o
 .text.USBD_CDC_GetOtherSpeedCfgDesc
                0x0000000008006d08       0x70 ./Middlewares/ST/STM32_USB_Device_Library/Class/CDC/Src/usbd_cdc.o
 .text.USBD_CDC_GetDeviceQualifierDescriptor
                0x0000000008006d78       0x20 ./Middlewares/ST/STM32_USB_Device_Library/Class/CDC/Src/usbd_cdc.o
                0x0000000008006d78                USBD_CDC_GetDeviceQualifierDescriptor
 .text.USBD_CDC_RegisterInterface
                0x0000000008006d98       0x34 ./Middlewares/ST/STM32_USB_Device_Library/Class/CDC/Src/usbd_cdc.o
                0x0000000008006d98                USBD_CDC_RegisterInterface
 .text.USBD_CDC_SetTxBuffer
                0x0000000008006dcc       0x44 ./Middlewares/ST/STM32_USB_Device_Library/Class/CDC/Src/usbd_cdc.o
                0x0000000008006dcc                USBD_CDC_SetTxBuffer
 .text.USBD_CDC_SetRxBuffer
                0x0000000008006e10       0x3a ./Middlewares/ST/STM32_USB_Device_Library/Class/CDC/Src/usbd_cdc.o
                0x0000000008006e10                USBD_CDC_SetRxBuffer
 *fill*         0x0000000008006e4a        0x2 
 .text.USBD_CDC_TransmitPacket
                0x0000000008006e4c       0x8c ./Middlewares/ST/STM32_USB_Device_Library/Class/CDC/Src/usbd_cdc.o
                0x0000000008006e4c                USBD_CDC_TransmitPacket
 .text.USBD_CDC_ReceivePacket
                0x0000000008006ed8       0x6c ./Middlewares/ST/STM32_USB_Device_Library/Class/CDC/Src/usbd_cdc.o
                0x0000000008006ed8                USBD_CDC_ReceivePacket
 .text.USBD_Init
                0x0000000008006f44       0x60 ./Middlewares/ST/STM32_USB_Device_Library/Core/Src/usbd_core.o
                0x0000000008006f44                USBD_Init
 .text.USBD_RegisterClass
                0x0000000008006fa4       0x6c ./Middlewares/ST/STM32_USB_Device_Library/Core/Src/usbd_core.o
                0x0000000008006fa4                USBD_RegisterClass
 .text.USBD_Start
                0x0000000008007010       0x18 ./Middlewares/ST/STM32_USB_Device_Library/Core/Src/usbd_core.o
                0x0000000008007010                USBD_Start
 .text.USBD_RunTestMode
                0x0000000008007028       0x16 ./Middlewares/ST/STM32_USB_Device_Library/Core/Src/usbd_core.o
                0x0000000008007028                USBD_RunTestMode
 .text.USBD_SetClassConfig
                0x000000000800703e       0x38 ./Middlewares/ST/STM32_USB_Device_Library/Core/Src/usbd_core.o
                0x000000000800703e                USBD_SetClassConfig
 .text.USBD_ClrClassConfig
                0x0000000008007076       0x34 ./Middlewares/ST/STM32_USB_Device_Library/Core/Src/usbd_core.o
                0x0000000008007076                USBD_ClrClassConfig
 .text.USBD_LL_SetupStage
                0x00000000080070aa       0xaa ./Middlewares/ST/STM32_USB_Device_Library/Core/Src/usbd_core.o
                0x00000000080070aa                USBD_LL_SetupStage
 .text.USBD_LL_DataOutStage
                0x0000000008007154      0x166 ./Middlewares/ST/STM32_USB_Device_Library/Core/Src/usbd_core.o
                0x0000000008007154                USBD_LL_DataOutStage
 .text.USBD_LL_DataInStage
                0x00000000080072ba      0x164 ./Middlewares/ST/STM32_USB_Device_Library/Core/Src/usbd_core.o
                0x00000000080072ba                USBD_LL_DataInStage
 .text.USBD_LL_Reset
                0x000000000800741e       0xa4 ./Middlewares/ST/STM32_USB_Device_Library/Core/Src/usbd_core.o
                0x000000000800741e                USBD_LL_Reset
 .text.USBD_LL_SetSpeed
                0x00000000080074c2       0x20 ./Middlewares/ST/STM32_USB_Device_Library/Core/Src/usbd_core.o
                0x00000000080074c2                USBD_LL_SetSpeed
 .text.USBD_LL_Suspend
                0x00000000080074e2       0x2c ./Middlewares/ST/STM32_USB_Device_Library/Core/Src/usbd_core.o
                0x00000000080074e2                USBD_LL_Suspend
 .text.USBD_LL_Resume
                0x000000000800750e       0x30 ./Middlewares/ST/STM32_USB_Device_Library/Core/Src/usbd_core.o
                0x000000000800750e                USBD_LL_Resume
 .text.USBD_LL_SOF
                0x000000000800753e       0x40 ./Middlewares/ST/STM32_USB_Device_Library/Core/Src/usbd_core.o
                0x000000000800753e                USBD_LL_SOF
 .text.USBD_LL_IsoINIncomplete
                0x000000000800757e       0x64 ./Middlewares/ST/STM32_USB_Device_Library/Core/Src/usbd_core.o
                0x000000000800757e                USBD_LL_IsoINIncomplete
 .text.USBD_LL_IsoOUTIncomplete
                0x00000000080075e2       0x64 ./Middlewares/ST/STM32_USB_Device_Library/Core/Src/usbd_core.o
                0x00000000080075e2                USBD_LL_IsoOUTIncomplete
 .text.USBD_LL_DevConnected
                0x0000000008007646       0x16 ./Middlewares/ST/STM32_USB_Device_Library/Core/Src/usbd_core.o
                0x0000000008007646                USBD_LL_DevConnected
 .text.USBD_LL_DevDisconnected
                0x000000000800765c       0x46 ./Middlewares/ST/STM32_USB_Device_Library/Core/Src/usbd_core.o
                0x000000000800765c                USBD_LL_DevDisconnected
 .text.USBD_CoreFindIF
                0x00000000080076a2       0x1a ./Middlewares/ST/STM32_USB_Device_Library/Core/Src/usbd_core.o
                0x00000000080076a2                USBD_CoreFindIF
 .text.USBD_CoreFindEP
                0x00000000080076bc       0x1a ./Middlewares/ST/STM32_USB_Device_Library/Core/Src/usbd_core.o
                0x00000000080076bc                USBD_CoreFindEP
 .text.USBD_GetEpDesc
                0x00000000080076d6       0x74 ./Middlewares/ST/STM32_USB_Device_Library/Core/Src/usbd_core.o
                0x00000000080076d6                USBD_GetEpDesc
 .text.USBD_GetNextDesc
                0x000000000800774a       0x3a ./Middlewares/ST/STM32_USB_Device_Library/Core/Src/usbd_core.o
                0x000000000800774a                USBD_GetNextDesc
 .text.SWAPBYTE
                0x0000000008007784       0x3c ./Middlewares/ST/STM32_USB_Device_Library/Core/Src/usbd_ctlreq.o
 .text.USBD_StdDevReq
                0x00000000080077c0       0xe4 ./Middlewares/ST/STM32_USB_Device_Library/Core/Src/usbd_ctlreq.o
                0x00000000080077c0                USBD_StdDevReq
 .text.USBD_StdItfReq
                0x00000000080078a4       0xd8 ./Middlewares/ST/STM32_USB_Device_Library/Core/Src/usbd_ctlreq.o
                0x00000000080078a4                USBD_StdItfReq
 .text.USBD_StdEPReq
                0x000000000800797c      0x33a ./Middlewares/ST/STM32_USB_Device_Library/Core/Src/usbd_ctlreq.o
                0x000000000800797c                USBD_StdEPReq
 *fill*         0x0000000008007cb6        0x2 
 .text.USBD_GetDescriptor
                0x0000000008007cb8      0x2d4 ./Middlewares/ST/STM32_USB_Device_Library/Core/Src/usbd_ctlreq.o
 .text.USBD_SetAddress
                0x0000000008007f8c       0x88 ./Middlewares/ST/STM32_USB_Device_Library/Core/Src/usbd_ctlreq.o
 .text.USBD_SetConfig
                0x0000000008008014      0x154 ./Middlewares/ST/STM32_USB_Device_Library/Core/Src/usbd_ctlreq.o
 .text.USBD_GetConfig
                0x0000000008008168       0x6c ./Middlewares/ST/STM32_USB_Device_Library/Core/Src/usbd_ctlreq.o
 .text.USBD_GetStatus
                0x00000000080081d4       0x68 ./Middlewares/ST/STM32_USB_Device_Library/Core/Src/usbd_ctlreq.o
 .text.USBD_SetFeature
                0x000000000800823c       0x52 ./Middlewares/ST/STM32_USB_Device_Library/Core/Src/usbd_ctlreq.o
 .text.USBD_ClrFeature
                0x000000000800828e       0x44 ./Middlewares/ST/STM32_USB_Device_Library/Core/Src/usbd_ctlreq.o
 .text.USBD_ParseSetupRequest
                0x00000000080082d2       0x74 ./Middlewares/ST/STM32_USB_Device_Library/Core/Src/usbd_ctlreq.o
                0x00000000080082d2                USBD_ParseSetupRequest
 .text.USBD_CtlError
                0x0000000008008346       0x22 ./Middlewares/ST/STM32_USB_Device_Library/Core/Src/usbd_ctlreq.o
                0x0000000008008346                USBD_CtlError
 .text.USBD_GetString
                0x0000000008008368       0x8c ./Middlewares/ST/STM32_USB_Device_Library/Core/Src/usbd_ctlreq.o
                0x0000000008008368                USBD_GetString
 .text.USBD_GetLen
                0x00000000080083f4       0x34 ./Middlewares/ST/STM32_USB_Device_Library/Core/Src/usbd_ctlreq.o
 .text.USBD_CtlSendData
                0x0000000008008428       0x36 ./Middlewares/ST/STM32_USB_Device_Library/Core/Src/usbd_ioreq.o
                0x0000000008008428                USBD_CtlSendData
 .text.USBD_CtlContinueSendData
                0x000000000800845e       0x22 ./Middlewares/ST/STM32_USB_Device_Library/Core/Src/usbd_ioreq.o
                0x000000000800845e                USBD_CtlContinueSendData
 .text.USBD_CtlPrepareRx
                0x0000000008008480       0x3a ./Middlewares/ST/STM32_USB_Device_Library/Core/Src/usbd_ioreq.o
                0x0000000008008480                USBD_CtlPrepareRx
 .text.USBD_CtlContinueRx
                0x00000000080084ba       0x22 ./Middlewares/ST/STM32_USB_Device_Library/Core/Src/usbd_ioreq.o
                0x00000000080084ba                USBD_CtlContinueRx
 .text.USBD_CtlSendStatus
                0x00000000080084dc       0x26 ./Middlewares/ST/STM32_USB_Device_Library/Core/Src/usbd_ioreq.o
                0x00000000080084dc                USBD_CtlSendStatus
 .text.USBD_CtlReceiveStatus
                0x0000000008008502       0x26 ./Middlewares/ST/STM32_USB_Device_Library/Core/Src/usbd_ioreq.o
                0x0000000008008502                USBD_CtlReceiveStatus
 .text.MX_USB_DEVICE_Init
                0x0000000008008528       0x60 ./USB_DEVICE/App/usb_device.o
                0x0000000008008528                MX_USB_DEVICE_Init
 .text.CDC_Init_FS
                0x0000000008008588       0x28 ./USB_DEVICE/App/usbd_cdc_if.o
 .text.CDC_DeInit_FS
                0x00000000080085b0       0x10 ./USB_DEVICE/App/usbd_cdc_if.o
 .text.CDC_Control_FS
                0x00000000080085c0       0xbc ./USB_DEVICE/App/usbd_cdc_if.o
 .text.CDC_Receive_FS
                0x000000000800867c       0x38 ./USB_DEVICE/App/usbd_cdc_if.o
 .text.CDC_Transmit_FS
                0x00000000080086b4       0x4c ./USB_DEVICE/App/usbd_cdc_if.o
                0x00000000080086b4                CDC_Transmit_FS
 .text.CDC_TransmitCplt_FS
                0x0000000008008700       0x22 ./USB_DEVICE/App/usbd_cdc_if.o
 *fill*         0x0000000008008722        0x2 
 .text.USBD_FS_DeviceDescriptor
                0x0000000008008724       0x24 ./USB_DEVICE/App/usbd_desc.o
                0x0000000008008724                USBD_FS_DeviceDescriptor
 .text.USBD_FS_LangIDStrDescriptor
                0x0000000008008748       0x24 ./USB_DEVICE/App/usbd_desc.o
                0x0000000008008748                USBD_FS_LangIDStrDescriptor
 .text.USBD_FS_ProductStrDescriptor
                0x000000000800876c       0x3c ./USB_DEVICE/App/usbd_desc.o
                0x000000000800876c                USBD_FS_ProductStrDescriptor
 .text.USBD_FS_ManufacturerStrDescriptor
                0x00000000080087a8       0x28 ./USB_DEVICE/App/usbd_desc.o
                0x00000000080087a8                USBD_FS_ManufacturerStrDescriptor
 .text.USBD_FS_SerialStrDescriptor
                0x00000000080087d0       0x24 ./USB_DEVICE/App/usbd_desc.o
                0x00000000080087d0                USBD_FS_SerialStrDescriptor
 .text.USBD_FS_ConfigStrDescriptor
                0x00000000080087f4       0x3c ./USB_DEVICE/App/usbd_desc.o
                0x00000000080087f4                USBD_FS_ConfigStrDescriptor
 .text.USBD_FS_InterfaceStrDescriptor
                0x0000000008008830       0x3c ./USB_DEVICE/App/usbd_desc.o
                0x0000000008008830                USBD_FS_InterfaceStrDescriptor
 .text.Get_SerialNum
                0x000000000800886c       0x58 ./USB_DEVICE/App/usbd_desc.o
 .text.IntToUnicode
                0x00000000080088c4       0x7e ./USB_DEVICE/App/usbd_desc.o
 *fill*         0x0000000008008942        0x2 
 .text.HAL_PCD_MspInit
                0x0000000008008944       0xc4 ./USB_DEVICE/Target/usbd_conf.o
                0x0000000008008944                HAL_PCD_MspInit
 .text.HAL_PCD_SetupStageCallback
                0x0000000008008a08       0x24 ./USB_DEVICE/Target/usbd_conf.o
                0x0000000008008a08                HAL_PCD_SetupStageCallback
 .text.HAL_PCD_DataOutStageCallback
                0x0000000008008a2c       0x36 ./USB_DEVICE/Target/usbd_conf.o
                0x0000000008008a2c                HAL_PCD_DataOutStageCallback
 .text.HAL_PCD_DataInStageCallback
                0x0000000008008a62       0x34 ./USB_DEVICE/Target/usbd_conf.o
                0x0000000008008a62                HAL_PCD_DataInStageCallback
 .text.HAL_PCD_SOFCallback
                0x0000000008008a96       0x1c ./USB_DEVICE/Target/usbd_conf.o
                0x0000000008008a96                HAL_PCD_SOFCallback
 .text.HAL_PCD_ResetCallback
                0x0000000008008ab2       0x50 ./USB_DEVICE/Target/usbd_conf.o
                0x0000000008008ab2                HAL_PCD_ResetCallback
 *fill*         0x0000000008008b02        0x2 
 .text.HAL_PCD_SuspendCallback
                0x0000000008008b04       0x4c ./USB_DEVICE/Target/usbd_conf.o
                0x0000000008008b04                HAL_PCD_SuspendCallback
 .text.HAL_PCD_ResumeCallback
                0x0000000008008b50       0x1c ./USB_DEVICE/Target/usbd_conf.o
                0x0000000008008b50                HAL_PCD_ResumeCallback
 .text.HAL_PCD_ISOOUTIncompleteCallback
                0x0000000008008b6c       0x24 ./USB_DEVICE/Target/usbd_conf.o
                0x0000000008008b6c                HAL_PCD_ISOOUTIncompleteCallback
 .text.HAL_PCD_ISOINIncompleteCallback
                0x0000000008008b90       0x24 ./USB_DEVICE/Target/usbd_conf.o
                0x0000000008008b90                HAL_PCD_ISOINIncompleteCallback
 .text.HAL_PCD_ConnectCallback
                0x0000000008008bb4       0x1c ./USB_DEVICE/Target/usbd_conf.o
                0x0000000008008bb4                HAL_PCD_ConnectCallback
 .text.HAL_PCD_DisconnectCallback
                0x0000000008008bd0       0x1c ./USB_DEVICE/Target/usbd_conf.o
                0x0000000008008bd0                HAL_PCD_DisconnectCallback
 .text.USBD_LL_Init
                0x0000000008008bec       0x98 ./USB_DEVICE/Target/usbd_conf.o
                0x0000000008008bec                USBD_LL_Init
 .text.USBD_LL_Start
                0x0000000008008c84       0x36 ./USB_DEVICE/Target/usbd_conf.o
                0x0000000008008c84                USBD_LL_Start
 .text.USBD_LL_OpenEP
                0x0000000008008cba       0x4c ./USB_DEVICE/Target/usbd_conf.o
                0x0000000008008cba                USBD_LL_OpenEP
 .text.USBD_LL_CloseEP
                0x0000000008008d06       0x3e ./USB_DEVICE/Target/usbd_conf.o
                0x0000000008008d06                USBD_LL_CloseEP
 .text.USBD_LL_StallEP
                0x0000000008008d44       0x3e ./USB_DEVICE/Target/usbd_conf.o
                0x0000000008008d44                USBD_LL_StallEP
 .text.USBD_LL_ClearStallEP
                0x0000000008008d82       0x3e ./USB_DEVICE/Target/usbd_conf.o
                0x0000000008008d82                USBD_LL_ClearStallEP
 .text.USBD_LL_IsStallEP
                0x0000000008008dc0       0x58 ./USB_DEVICE/Target/usbd_conf.o
                0x0000000008008dc0                USBD_LL_IsStallEP
 .text.USBD_LL_SetUSBAddress
                0x0000000008008e18       0x3e ./USB_DEVICE/Target/usbd_conf.o
                0x0000000008008e18                USBD_LL_SetUSBAddress
 .text.USBD_LL_Transmit
                0x0000000008008e56       0x42 ./USB_DEVICE/Target/usbd_conf.o
                0x0000000008008e56                USBD_LL_Transmit
 .text.USBD_LL_PrepareReceive
                0x0000000008008e98       0x42 ./USB_DEVICE/Target/usbd_conf.o
                0x0000000008008e98                USBD_LL_PrepareReceive
 .text.USBD_LL_GetRxDataSize
                0x0000000008008eda       0x26 ./USB_DEVICE/Target/usbd_conf.o
                0x0000000008008eda                USBD_LL_GetRxDataSize
 .text.USBD_static_malloc
                0x0000000008008f00       0x1c ./USB_DEVICE/Target/usbd_conf.o
                0x0000000008008f00                USBD_static_malloc
 .text.USBD_static_free
                0x0000000008008f1c       0x14 ./USB_DEVICE/Target/usbd_conf.o
                0x0000000008008f1c                USBD_static_free
 .text.USBD_Get_USB_Status
                0x0000000008008f30       0x58 ./USB_DEVICE/Target/usbd_conf.o
                0x0000000008008f30                USBD_Get_USB_Status
 .text.__libc_init_array
                0x0000000008008f88       0x48 d:/stm32cubeide_1.10.1/stm32cubeide/plugins/com.st.stm32cube.ide.mcu.externaltools.gnu-tools-for-stm32.10.3-2021.10.win32_1.0.100.202210260954/tools/bin/../lib/gcc/arm-none-eabi/10.3.1/../../../../arm-none-eabi/lib/thumb/v7e-m+fp/hard\libc_nano.a(lib_a-init.o)
                0x0000000008008f88                __libc_init_array
 .text.memset   0x0000000008008fd0       0x10 d:/stm32cubeide_1.10.1/stm32cubeide/plugins/com.st.stm32cube.ide.mcu.externaltools.gnu-tools-for-stm32.10.3-2021.10.win32_1.0.100.202210260954/tools/bin/../lib/gcc/arm-none-eabi/10.3.1/../../../../arm-none-eabi/lib/thumb/v7e-m+fp/hard\libc_nano.a(lib_a-memset.o)
                0x0000000008008fd0                memset
 .text.strcpy   0x0000000008008fe0       0x10 d:/stm32cubeide_1.10.1/stm32cubeide/plugins/com.st.stm32cube.ide.mcu.externaltools.gnu-tools-for-stm32.10.3-2021.10.win32_1.0.100.202210260954/tools/bin/../lib/gcc/arm-none-eabi/10.3.1/../../../../arm-none-eabi/lib/thumb/v7e-m+fp/hard\libc_nano.a(lib_a-strcpy.o)
                0x0000000008008fe0                strcpy
 *(.glue_7)
 .glue_7        0x0000000008008ff0        0x0 linker stubs
 *(.glue_7t)
 .glue_7t       0x0000000008008ff0        0x0 linker stubs
 *(.eh_frame)
 .eh_frame      0x0000000008008ff0        0x0 d:/stm32cubeide_1.10.1/stm32cubeide/plugins/com.st.stm32cube.ide.mcu.externaltools.gnu-tools-for-stm32.10.3-2021.10.win32_1.0.100.202210260954/tools/bin/../lib/gcc/arm-none-eabi/10.3.1/thumb/v7e-m+fp/hard/crtbegin.o
 *(.init)
 .init          0x0000000008008ff0        0x4 d:/stm32cubeide_1.10.1/stm32cubeide/plugins/com.st.stm32cube.ide.mcu.externaltools.gnu-tools-for-stm32.10.3-2021.10.win32_1.0.100.202210260954/tools/bin/../lib/gcc/arm-none-eabi/10.3.1/thumb/v7e-m+fp/hard/crti.o
                0x0000000008008ff0                _init
 .init          0x0000000008008ff4        0x8 d:/stm32cubeide_1.10.1/stm32cubeide/plugins/com.st.stm32cube.ide.mcu.externaltools.gnu-tools-for-stm32.10.3-2021.10.win32_1.0.100.202210260954/tools/bin/../lib/gcc/arm-none-eabi/10.3.1/thumb/v7e-m+fp/hard/crtn.o
 *(.fini)
 .fini          0x0000000008008ffc        0x4 d:/stm32cubeide_1.10.1/stm32cubeide/plugins/com.st.stm32cube.ide.mcu.externaltools.gnu-tools-for-stm32.10.3-2021.10.win32_1.0.100.202210260954/tools/bin/../lib/gcc/arm-none-eabi/10.3.1/thumb/v7e-m+fp/hard/crti.o
                0x0000000008008ffc                _fini
 .fini          0x0000000008009000        0x8 d:/stm32cubeide_1.10.1/stm32cubeide/plugins/com.st.stm32cube.ide.mcu.externaltools.gnu-tools-for-stm32.10.3-2021.10.win32_1.0.100.202210260954/tools/bin/../lib/gcc/arm-none-eabi/10.3.1/thumb/v7e-m+fp/hard/crtn.o
                0x0000000008009008                . = ALIGN (0x4)
                0x0000000008009008                _etext = .

.vfp11_veneer   0x0000000008009008        0x0
 .vfp11_veneer  0x0000000008009008        0x0 linker stubs

.v4_bx          0x0000000008009008        0x0
 .v4_bx         0x0000000008009008        0x0 linker stubs

.iplt           0x0000000008009008        0x0
 .iplt          0x0000000008009008        0x0 d:/stm32cubeide_1.10.1/stm32cubeide/plugins/com.st.stm32cube.ide.mcu.externaltools.gnu-tools-for-stm32.10.3-2021.10.win32_1.0.100.202210260954/tools/bin/../lib/gcc/arm-none-eabi/10.3.1/thumb/v7e-m+fp/hard/crtbegin.o

.rodata         0x0000000008009008      0x1d8
                0x0000000008009008                . = ALIGN (0x4)
 *(.rodata)
 .rodata        0x0000000008009008      0x176 ./Core/Src/main.o
 *fill*         0x000000000800917e        0x2 
 .rodata        0x0000000008009180       0x46 ./USB_DEVICE/App/usbd_desc.o
 *(.rodata*)
 *fill*         0x00000000080091c6        0x2 
 .rodata.AHBPrescTable
                0x00000000080091c8       0x10 ./Core/Src/system_stm32f4xx.o
                0x00000000080091c8                AHBPrescTable
 .rodata.APBPrescTable
                0x00000000080091d8        0x8 ./Core/Src/system_stm32f4xx.o
                0x00000000080091d8                APBPrescTable
                0x00000000080091e0                . = ALIGN (0x4)

.ARM.extab      0x00000000080091e0        0x0
                0x00000000080091e0                . = ALIGN (0x4)
 *(.ARM.extab* .gnu.linkonce.armextab.*)
                0x00000000080091e0                . = ALIGN (0x4)

.ARM            0x00000000080091e0        0x8
                0x00000000080091e0                . = ALIGN (0x4)
                0x00000000080091e0                __exidx_start = .
 *(.ARM.exidx*)
 .ARM.exidx     0x00000000080091e0        0x8 d:/stm32cubeide_1.10.1/stm32cubeide/plugins/com.st.stm32cube.ide.mcu.externaltools.gnu-tools-for-stm32.10.3-2021.10.win32_1.0.100.202210260954/tools/bin/../lib/gcc/arm-none-eabi/10.3.1/thumb/v7e-m+fp/hard\libgcc.a(_udivmoddi4.o)
                0x00000000080091e8                __exidx_end = .
                0x00000000080091e8                . = ALIGN (0x4)

.rel.dyn        0x00000000080091e8        0x0
 .rel.iplt      0x00000000080091e8        0x0 d:/stm32cubeide_1.10.1/stm32cubeide/plugins/com.st.stm32cube.ide.mcu.externaltools.gnu-tools-for-stm32.10.3-2021.10.win32_1.0.100.202210260954/tools/bin/../lib/gcc/arm-none-eabi/10.3.1/thumb/v7e-m+fp/hard/crtbegin.o

.preinit_array  0x00000000080091e8        0x0
                0x00000000080091e8                . = ALIGN (0x4)
                0x00000000080091e8                PROVIDE (__preinit_array_start = .)
 *(.preinit_array*)
                0x00000000080091e8                PROVIDE (__preinit_array_end = .)
                0x00000000080091e8                . = ALIGN (0x4)

.init_array     0x00000000080091e8        0x4
                0x00000000080091e8                . = ALIGN (0x4)
                0x00000000080091e8                PROVIDE (__init_array_start = .)
 *(SORT_BY_NAME(.init_array.*))
 *(.init_array*)
 .init_array    0x00000000080091e8        0x4 d:/stm32cubeide_1.10.1/stm32cubeide/plugins/com.st.stm32cube.ide.mcu.externaltools.gnu-tools-for-stm32.10.3-2021.10.win32_1.0.100.202210260954/tools/bin/../lib/gcc/arm-none-eabi/10.3.1/thumb/v7e-m+fp/hard/crtbegin.o
                0x00000000080091ec                PROVIDE (__init_array_end = .)
                0x00000000080091ec                . = ALIGN (0x4)

.fini_array     0x00000000080091ec        0x4
                0x00000000080091ec                . = ALIGN (0x4)
                [!provide]                        PROVIDE (__fini_array_start = .)
 *(SORT_BY_NAME(.fini_array.*))
 *(.fini_array*)
 .fini_array    0x00000000080091ec        0x4 d:/stm32cubeide_1.10.1/stm32cubeide/plugins/com.st.stm32cube.ide.mcu.externaltools.gnu-tools-for-stm32.10.3-2021.10.win32_1.0.100.202210260954/tools/bin/../lib/gcc/arm-none-eabi/10.3.1/thumb/v7e-m+fp/hard/crtbegin.o
                [!provide]                        PROVIDE (__fini_array_end = .)
                0x00000000080091f0                . = ALIGN (0x4)
                0x00000000080091f0                _sidata = LOADADDR (.data)

.data           0x0000000020000000      0x21c load address 0x00000000080091f0
                0x0000000020000000                . = ALIGN (0x4)
                0x0000000020000000                _sdata = .
 *(.data)
 *(.data*)
 .data.morscode
                0x0000000020000000       0x90 ./Core/Src/main.o
                0x0000000020000000                morscode
 .data.symbols  0x0000000020000090       0x90 ./Core/Src/main.o
                0x0000000020000090                symbols
 .data.SystemCoreClock
                0x0000000020000120        0x4 ./Core/Src/system_stm32f4xx.o
                0x0000000020000120                SystemCoreClock
 .data.uwTickPrio
                0x0000000020000124        0x4 ./Drivers/STM32F4xx_HAL_Driver/Src/stm32f4xx_hal.o
                0x0000000020000124                uwTickPrio
 .data.uwTickFreq
                0x0000000020000128        0x1 ./Drivers/STM32F4xx_HAL_Driver/Src/stm32f4xx_hal.o
                0x0000000020000128                uwTickFreq
 *fill*         0x0000000020000129        0x3 
 .data.USBD_CDC_DeviceQualifierDesc
                0x000000002000012c        0xa ./Middlewares/ST/STM32_USB_Device_Library/Class/CDC/Src/usbd_cdc.o
 *fill*         0x0000000020000136        0x2 
 .data.USBD_CDC
                0x0000000020000138       0x38 ./Middlewares/ST/STM32_USB_Device_Library/Class/CDC/Src/usbd_cdc.o
                0x0000000020000138                USBD_CDC
 .data.USBD_CDC_CfgDesc
                0x0000000020000170       0x43 ./Middlewares/ST/STM32_USB_Device_Library/Class/CDC/Src/usbd_cdc.o
 .data.CDCInEpAdd
                0x00000000200001b3        0x1 ./Middlewares/ST/STM32_USB_Device_Library/Class/CDC/Src/usbd_cdc.o
 .data.CDCOutEpAdd
                0x00000000200001b4        0x1 ./Middlewares/ST/STM32_USB_Device_Library/Class/CDC/Src/usbd_cdc.o
 .data.CDCCmdEpAdd
                0x00000000200001b5        0x1 ./Middlewares/ST/STM32_USB_Device_Library/Class/CDC/Src/usbd_cdc.o
 *fill*         0x00000000200001b6        0x2 
 .data.USBD_Interface_fops_FS
                0x00000000200001b8       0x14 ./USB_DEVICE/App/usbd_cdc_if.o
                0x00000000200001b8                USBD_Interface_fops_FS
 .data.FS_Desc  0x00000000200001cc       0x1c ./USB_DEVICE/App/usbd_desc.o
                0x00000000200001cc                FS_Desc
 .data.USBD_FS_DeviceDesc
                0x00000000200001e8       0x12 ./USB_DEVICE/App/usbd_desc.o
                0x00000000200001e8                USBD_FS_DeviceDesc
 *fill*         0x00000000200001fa        0x2 
 .data.USBD_LangIDDesc
                0x00000000200001fc        0x4 ./USB_DEVICE/App/usbd_desc.o
                0x00000000200001fc                USBD_LangIDDesc
 .data.USBD_StringSerial
                0x0000000020000200       0x1a ./USB_DEVICE/App/usbd_desc.o
                0x0000000020000200                USBD_StringSerial
 *(.RamFunc)
 *(.RamFunc*)
                0x000000002000021c                . = ALIGN (0x4)
 *fill*         0x000000002000021a        0x2 
                0x000000002000021c                _edata = .
                0x000000000800940c                _siccmram = LOADADDR (.ccmram)

.igot.plt       0x000000002000021c        0x0 load address 0x000000000800940c
 .igot.plt      0x000000002000021c        0x0 d:/stm32cubeide_1.10.1/stm32cubeide/plugins/com.st.stm32cube.ide.mcu.externaltools.gnu-tools-for-stm32.10.3-2021.10.win32_1.0.100.202210260954/tools/bin/../lib/gcc/arm-none-eabi/10.3.1/thumb/v7e-m+fp/hard/crtbegin.o

.ccmram         0x0000000010000000        0x0 load address 0x000000000800940c
                0x0000000010000000                . = ALIGN (0x4)
                0x0000000010000000                _sccmram = .
 *(.ccmram)
 *(.ccmram*)
                0x0000000010000000                . = ALIGN (0x4)
                0x0000000010000000                _eccmram = .
                0x0000000010000000                . = ALIGN (0x4)

.bss            0x000000002000021c     0x1dd8
                0x000000002000021c                _sbss = .
                0x000000002000021c                __bss_start__ = _sbss
 *(.bss)
 .bss           0x000000002000021c       0x1c d:/stm32cubeide_1.10.1/stm32cubeide/plugins/com.st.stm32cube.ide.mcu.externaltools.gnu-tools-for-stm32.10.3-2021.10.win32_1.0.100.202210260954/tools/bin/../lib/gcc/arm-none-eabi/10.3.1/thumb/v7e-m+fp/hard/crtbegin.o
 *(.bss*)
 .bss.hi2c1     0x0000000020000238       0x54 ./Core/Src/main.o
                0x0000000020000238                hi2c1
 .bss.hi2s3     0x000000002000028c       0x48 ./Core/Src/main.o
                0x000000002000028c                hi2s3
 .bss.hspi1     0x00000000200002d4       0x58 ./Core/Src/main.o
                0x00000000200002d4                hspi1
 .bss.htim6     0x000000002000032c       0x48 ./Core/Src/main.o
                0x000000002000032c                htim6
 .bss.htim7     0x0000000020000374       0x48 ./Core/Src/main.o
                0x0000000020000374                htim7
 .bss.coded     0x00000000200003bc        0x5 ./Core/Src/main.o
                0x00000000200003bc                coded
 *fill*         0x00000000200003c1        0x3 
 .bss.coded_save
                0x00000000200003c4        0x5 ./Core/Src/main.o
                0x00000000200003c4                coded_save
 *fill*         0x00000000200003c9        0x3 
 .bss.decoded   0x00000000200003cc        0x4 ./Core/Src/main.o
                0x00000000200003cc                decoded
 .bss.press_time
                0x00000000200003d0        0x4 ./Core/Src/main.o
                0x00000000200003d0                press_time
 .bss.press     0x00000000200003d4        0x4 ./Core/Src/main.o
                0x00000000200003d4                press
 .bss.bounce    0x00000000200003d8        0x4 ./Core/Src/main.o
                0x00000000200003d8                bounce
 .bss.done      0x00000000200003dc        0x4 ./Core/Src/main.o
                0x00000000200003dc                done
 .bss.uwTick    0x00000000200003e0        0x4 ./Drivers/STM32F4xx_HAL_Driver/Src/stm32f4xx_hal.o
                0x00000000200003e0                uwTick
 .bss.cfgidx.0  0x00000000200003e4        0x1 ./Middlewares/ST/STM32_USB_Device_Library/Core/Src/usbd_ctlreq.o
 *fill*         0x00000000200003e5        0x3 
 .bss.hUsbDeviceFS
                0x00000000200003e8      0x2dc ./USB_DEVICE/App/usb_device.o
                0x00000000200003e8                hUsbDeviceFS
 .bss.UserRxBufferFS
                0x00000000200006c4      0x800 ./USB_DEVICE/App/usbd_cdc_if.o
                0x00000000200006c4                UserRxBufferFS
 .bss.UserTxBufferFS
                0x0000000020000ec4      0x800 ./USB_DEVICE/App/usbd_cdc_if.o
                0x0000000020000ec4                UserTxBufferFS
 .bss.Buffer    0x00000000200016c4        0x4 ./USB_DEVICE/App/usbd_cdc_if.o
                0x00000000200016c4                Buffer
 .bss.USBD_StrDesc
                0x00000000200016c8      0x200 ./USB_DEVICE/App/usbd_desc.o
                0x00000000200016c8                USBD_StrDesc
 .bss.hpcd_USB_OTG_FS
                0x00000000200018c8      0x50c ./USB_DEVICE/Target/usbd_conf.o
                0x00000000200018c8                hpcd_USB_OTG_FS
 .bss.mem.0     0x0000000020001dd4      0x220 ./USB_DEVICE/Target/usbd_conf.o
 *(COMMON)
                0x0000000020001ff4                . = ALIGN (0x4)
                0x0000000020001ff4                _ebss = .
                0x0000000020001ff4                __bss_end__ = _ebss

._user_heap_stack
                0x0000000020001ff4      0x604
                0x0000000020001ff8                . = ALIGN (0x8)
 *fill*         0x0000000020001ff4        0x4 
                [!provide]                        PROVIDE (end = .)
                0x0000000020001ff8                PROVIDE (_end = .)
                0x00000000200021f8                . = (. + _Min_Heap_Size)
 *fill*         0x0000000020001ff8      0x200 
                0x00000000200025f8                . = (. + _Min_Stack_Size)
 *fill*         0x00000000200021f8      0x400 
                0x00000000200025f8                . = ALIGN (0x8)

/DISCARD/
 libc.a(*)
 libm.a(*)
 libgcc.a(*)

.ARM.attributes
                0x0000000000000000       0x30
 *(.ARM.attributes)
 .ARM.attributes
                0x0000000000000000       0x1e d:/stm32cubeide_1.10.1/stm32cubeide/plugins/com.st.stm32cube.ide.mcu.externaltools.gnu-tools-for-stm32.10.3-2021.10.win32_1.0.100.202210260954/tools/bin/../lib/gcc/arm-none-eabi/10.3.1/thumb/v7e-m+fp/hard/crti.o
 .ARM.attributes
                0x000000000000001e       0x34 d:/stm32cubeide_1.10.1/stm32cubeide/plugins/com.st.stm32cube.ide.mcu.externaltools.gnu-tools-for-stm32.10.3-2021.10.win32_1.0.100.202210260954/tools/bin/../lib/gcc/arm-none-eabi/10.3.1/thumb/v7e-m+fp/hard/crtbegin.o
 .ARM.attributes
                0x0000000000000052       0x34 ./Core/Src/main.o
 .ARM.attributes
                0x0000000000000086       0x34 ./Core/Src/stm32f4xx_hal_msp.o
 .ARM.attributes
                0x00000000000000ba       0x34 ./Core/Src/stm32f4xx_it.o
 .ARM.attributes
                0x00000000000000ee       0x34 ./Core/Src/system_stm32f4xx.o
 .ARM.attributes
                0x0000000000000122       0x21 ./Core/Startup/startup_stm32f407vgtx.o
 .ARM.attributes
                0x0000000000000143       0x34 ./Drivers/STM32F4xx_HAL_Driver/Src/stm32f4xx_hal.o
 .ARM.attributes
                0x0000000000000177       0x34 ./Drivers/STM32F4xx_HAL_Driver/Src/stm32f4xx_hal_cortex.o
 .ARM.attributes
                0x00000000000001ab       0x34 ./Drivers/STM32F4xx_HAL_Driver/Src/stm32f4xx_hal_gpio.o
 .ARM.attributes
                0x00000000000001df       0x34 ./Drivers/STM32F4xx_HAL_Driver/Src/stm32f4xx_hal_i2c.o
 .ARM.attributes
                0x0000000000000213       0x34 ./Drivers/STM32F4xx_HAL_Driver/Src/stm32f4xx_hal_i2s.o
 .ARM.attributes
                0x0000000000000247       0x34 ./Drivers/STM32F4xx_HAL_Driver/Src/stm32f4xx_hal_i2s_ex.o
 .ARM.attributes
                0x000000000000027b       0x34 ./Drivers/STM32F4xx_HAL_Driver/Src/stm32f4xx_hal_pcd.o
 .ARM.attributes
                0x00000000000002af       0x34 ./Drivers/STM32F4xx_HAL_Driver/Src/stm32f4xx_hal_pcd_ex.o
 .ARM.attributes
                0x00000000000002e3       0x34 ./Drivers/STM32F4xx_HAL_Driver/Src/stm32f4xx_hal_rcc.o
 .ARM.attributes
                0x0000000000000317       0x34 ./Drivers/STM32F4xx_HAL_Driver/Src/stm32f4xx_hal_rcc_ex.o
 .ARM.attributes
                0x000000000000034b       0x34 ./Drivers/STM32F4xx_HAL_Driver/Src/stm32f4xx_hal_spi.o
 .ARM.attributes
                0x000000000000037f       0x34 ./Drivers/STM32F4xx_HAL_Driver/Src/stm32f4xx_hal_tim.o
 .ARM.attributes
                0x00000000000003b3       0x34 ./Drivers/STM32F4xx_HAL_Driver/Src/stm32f4xx_hal_tim_ex.o
 .ARM.attributes
                0x00000000000003e7       0x34 ./Drivers/STM32F4xx_HAL_Driver/Src/stm32f4xx_ll_usb.o
 .ARM.attributes
                0x000000000000041b       0x34 ./Middlewares/ST/STM32_USB_Device_Library/Class/CDC/Src/usbd_cdc.o
 .ARM.attributes
                0x000000000000044f       0x34 ./Middlewares/ST/STM32_USB_Device_Library/Core/Src/usbd_core.o
 .ARM.attributes
                0x0000000000000483       0x34 ./Middlewares/ST/STM32_USB_Device_Library/Core/Src/usbd_ctlreq.o
 .ARM.attributes
                0x00000000000004b7       0x34 ./Middlewares/ST/STM32_USB_Device_Library/Core/Src/usbd_ioreq.o
 .ARM.attributes
                0x00000000000004eb       0x34 ./USB_DEVICE/App/usb_device.o
 .ARM.attributes
                0x000000000000051f       0x34 ./USB_DEVICE/App/usbd_cdc_if.o
 .ARM.attributes
                0x0000000000000553       0x34 ./USB_DEVICE/App/usbd_desc.o
 .ARM.attributes
                0x0000000000000587       0x34 ./USB_DEVICE/Target/usbd_conf.o
 .ARM.attributes
                0x00000000000005bb       0x34 d:/stm32cubeide_1.10.1/stm32cubeide/plugins/com.st.stm32cube.ide.mcu.externaltools.gnu-tools-for-stm32.10.3-2021.10.win32_1.0.100.202210260954/tools/bin/../lib/gcc/arm-none-eabi/10.3.1/../../../../arm-none-eabi/lib/thumb/v7e-m+fp/hard\libc_nano.a(lib_a-init.o)
 .ARM.attributes
                0x00000000000005ef       0x34 d:/stm32cubeide_1.10.1/stm32cubeide/plugins/com.st.stm32cube.ide.mcu.externaltools.gnu-tools-for-stm32.10.3-2021.10.win32_1.0.100.202210260954/tools/bin/../lib/gcc/arm-none-eabi/10.3.1/../../../../arm-none-eabi/lib/thumb/v7e-m+fp/hard\libc_nano.a(lib_a-memset.o)
 .ARM.attributes
                0x0000000000000623       0x1c d:/stm32cubeide_1.10.1/stm32cubeide/plugins/com.st.stm32cube.ide.mcu.externaltools.gnu-tools-for-stm32.10.3-2021.10.win32_1.0.100.202210260954/tools/bin/../lib/gcc/arm-none-eabi/10.3.1/../../../../arm-none-eabi/lib/thumb/v7e-m+fp/hard\libc_nano.a(lib_a-strcmp.o)
 .ARM.attributes
                0x000000000000063f       0x34 d:/stm32cubeide_1.10.1/stm32cubeide/plugins/com.st.stm32cube.ide.mcu.externaltools.gnu-tools-for-stm32.10.3-2021.10.win32_1.0.100.202210260954/tools/bin/../lib/gcc/arm-none-eabi/10.3.1/../../../../arm-none-eabi/lib/thumb/v7e-m+fp/hard\libc_nano.a(lib_a-strcpy.o)
 .ARM.attributes
                0x0000000000000673       0x17 d:/stm32cubeide_1.10.1/stm32cubeide/plugins/com.st.stm32cube.ide.mcu.externaltools.gnu-tools-for-stm32.10.3-2021.10.win32_1.0.100.202210260954/tools/bin/../lib/gcc/arm-none-eabi/10.3.1/../../../../arm-none-eabi/lib/thumb/v7e-m+fp/hard\libc_nano.a(lib_a-strlen.o)
 .ARM.attributes
                0x000000000000068a       0x1e d:/stm32cubeide_1.10.1/stm32cubeide/plugins/com.st.stm32cube.ide.mcu.externaltools.gnu-tools-for-stm32.10.3-2021.10.win32_1.0.100.202210260954/tools/bin/../lib/gcc/arm-none-eabi/10.3.1/thumb/v7e-m+fp/hard\libgcc.a(_aeabi_uldivmod.o)
 .ARM.attributes
                0x00000000000006a8       0x34 d:/stm32cubeide_1.10.1/stm32cubeide/plugins/com.st.stm32cube.ide.mcu.externaltools.gnu-tools-for-stm32.10.3-2021.10.win32_1.0.100.202210260954/tools/bin/../lib/gcc/arm-none-eabi/10.3.1/thumb/v7e-m+fp/hard\libgcc.a(_udivmoddi4.o)
 .ARM.attributes
                0x00000000000006dc       0x1e d:/stm32cubeide_1.10.1/stm32cubeide/plugins/com.st.stm32cube.ide.mcu.externaltools.gnu-tools-for-stm32.10.3-2021.10.win32_1.0.100.202210260954/tools/bin/../lib/gcc/arm-none-eabi/10.3.1/thumb/v7e-m+fp/hard\libgcc.a(_dvmd_tls.o)
 .ARM.attributes
                0x00000000000006fa       0x1e d:/stm32cubeide_1.10.1/stm32cubeide/plugins/com.st.stm32cube.ide.mcu.externaltools.gnu-tools-for-stm32.10.3-2021.10.win32_1.0.100.202210260954/tools/bin/../lib/gcc/arm-none-eabi/10.3.1/thumb/v7e-m+fp/hard/crtn.o
OUTPUT(Mors.elf elf32-littlearm)
LOAD linker stubs
LOAD d:/stm32cubeide_1.10.1/stm32cubeide/plugins/com.st.stm32cube.ide.mcu.externaltools.gnu-tools-for-stm32.10.3-2021.10.win32_1.0.100.202210260954/tools/bin/../lib/gcc/arm-none-eabi/10.3.1/../../../../arm-none-eabi/lib/thumb/v7e-m+fp/hard\libc.a
LOAD d:/stm32cubeide_1.10.1/stm32cubeide/plugins/com.st.stm32cube.ide.mcu.externaltools.gnu-tools-for-stm32.10.3-2021.10.win32_1.0.100.202210260954/tools/bin/../lib/gcc/arm-none-eabi/10.3.1/../../../../arm-none-eabi/lib/thumb/v7e-m+fp/hard\libm.a
LOAD d:/stm32cubeide_1.10.1/stm32cubeide/plugins/com.st.stm32cube.ide.mcu.externaltools.gnu-tools-for-stm32.10.3-2021.10.win32_1.0.100.202210260954/tools/bin/../lib/gcc/arm-none-eabi/10.3.1/thumb/v7e-m+fp/hard\libgcc.a

.debug_info     0x0000000000000000    0x1aa79
 .debug_info    0x0000000000000000     0x1ae0 ./Core/Src/main.o
 .debug_info    0x0000000000001ae0     0x16a0 ./Core/Src/stm32f4xx_hal_msp.o
 .debug_info    0x0000000000003180      0xc55 ./Core/Src/stm32f4xx_it.o
 .debug_info    0x0000000000003dd5      0x523 ./Core/Src/system_stm32f4xx.o
 .debug_info    0x00000000000042f8       0x22 ./Core/Startup/startup_stm32f407vgtx.o
 .debug_info    0x000000000000431a      0x97c ./Drivers/STM32F4xx_HAL_Driver/Src/stm32f4xx_hal.o
 .debug_info    0x0000000000004c96      0xe1b ./Drivers/STM32F4xx_HAL_Driver/Src/stm32f4xx_hal_cortex.o
 .debug_info    0x0000000000005ab1      0x76a ./Drivers/STM32F4xx_HAL_Driver/Src/stm32f4xx_hal_gpio.o
 .debug_info    0x000000000000621b     0x2609 ./Drivers/STM32F4xx_HAL_Driver/Src/stm32f4xx_hal_i2c.o
 .debug_info    0x0000000000008824      0xeb6 ./Drivers/STM32F4xx_HAL_Driver/Src/stm32f4xx_hal_i2s.o
 .debug_info    0x00000000000096da      0xb7b ./Drivers/STM32F4xx_HAL_Driver/Src/stm32f4xx_hal_i2s_ex.o
 .debug_info    0x000000000000a255     0x1695 ./Drivers/STM32F4xx_HAL_Driver/Src/stm32f4xx_hal_pcd.o
 .debug_info    0x000000000000b8ea      0x717 ./Drivers/STM32F4xx_HAL_Driver/Src/stm32f4xx_hal_pcd_ex.o
 .debug_info    0x000000000000c001      0x966 ./Drivers/STM32F4xx_HAL_Driver/Src/stm32f4xx_hal_rcc.o
 .debug_info    0x000000000000c967      0x569 ./Drivers/STM32F4xx_HAL_Driver/Src/stm32f4xx_hal_rcc_ex.o
 .debug_info    0x000000000000ced0     0x1758 ./Drivers/STM32F4xx_HAL_Driver/Src/stm32f4xx_hal_spi.o
 .debug_info    0x000000000000e628     0x2bbe ./Drivers/STM32F4xx_HAL_Driver/Src/stm32f4xx_hal_tim.o
 .debug_info    0x00000000000111e6     0x15e0 ./Drivers/STM32F4xx_HAL_Driver/Src/stm32f4xx_hal_tim_ex.o
 .debug_info    0x00000000000127c6     0x1a97 ./Drivers/STM32F4xx_HAL_Driver/Src/stm32f4xx_ll_usb.o
 .debug_info    0x000000000001425d     0x130c ./Middlewares/ST/STM32_USB_Device_Library/Class/CDC/Src/usbd_cdc.o
 .debug_info    0x0000000000015569      0xee7 ./Middlewares/ST/STM32_USB_Device_Library/Core/Src/usbd_core.o
 .debug_info    0x0000000000016450      0xb7f ./Middlewares/ST/STM32_USB_Device_Library/Core/Src/usbd_ctlreq.o
 .debug_info    0x0000000000016fcf      0x7da ./Middlewares/ST/STM32_USB_Device_Library/Core/Src/usbd_ioreq.o
 .debug_info    0x00000000000177a9      0x76a ./USB_DEVICE/App/usb_device.o
 .debug_info    0x0000000000017f13      0x9ad ./USB_DEVICE/App/usbd_cdc_if.o
 .debug_info    0x00000000000188c0      0x498 ./USB_DEVICE/App/usbd_desc.o
 .debug_info    0x0000000000018d58     0x1d21 ./USB_DEVICE/Target/usbd_conf.o

.debug_abbrev   0x0000000000000000     0x3b72
 .debug_abbrev  0x0000000000000000      0x328 ./Core/Src/main.o
 .debug_abbrev  0x0000000000000328      0x22d ./Core/Src/stm32f4xx_hal_msp.o
 .debug_abbrev  0x0000000000000555      0x1ea ./Core/Src/stm32f4xx_it.o
 .debug_abbrev  0x000000000000073f      0x116 ./Core/Src/system_stm32f4xx.o
 .debug_abbrev  0x0000000000000855       0x12 ./Core/Startup/startup_stm32f407vgtx.o
 .debug_abbrev  0x0000000000000867      0x20d ./Drivers/STM32F4xx_HAL_Driver/Src/stm32f4xx_hal.o
 .debug_abbrev  0x0000000000000a74      0x316 ./Drivers/STM32F4xx_HAL_Driver/Src/stm32f4xx_hal_cortex.o
 .debug_abbrev  0x0000000000000d8a      0x1c4 ./Drivers/STM32F4xx_HAL_Driver/Src/stm32f4xx_hal_gpio.o
 .debug_abbrev  0x0000000000000f4e      0x297 ./Drivers/STM32F4xx_HAL_Driver/Src/stm32f4xx_hal_i2c.o
 .debug_abbrev  0x00000000000011e5      0x247 ./Drivers/STM32F4xx_HAL_Driver/Src/stm32f4xx_hal_i2s.o
 .debug_abbrev  0x000000000000142c      0x278 ./Drivers/STM32F4xx_HAL_Driver/Src/stm32f4xx_hal_i2s_ex.o
 .debug_abbrev  0x00000000000016a4      0x2bb ./Drivers/STM32F4xx_HAL_Driver/Src/stm32f4xx_hal_pcd.o
 .debug_abbrev  0x000000000000195f      0x1ce ./Drivers/STM32F4xx_HAL_Driver/Src/stm32f4xx_hal_pcd_ex.o
 .debug_abbrev  0x0000000000001b2d      0x2aa ./Drivers/STM32F4xx_HAL_Driver/Src/stm32f4xx_hal_rcc.o
 .debug_abbrev  0x0000000000001dd7      0x1a8 ./Drivers/STM32F4xx_HAL_Driver/Src/stm32f4xx_hal_rcc_ex.o
 .debug_abbrev  0x0000000000001f7f      0x26e ./Drivers/STM32F4xx_HAL_Driver/Src/stm32f4xx_hal_spi.o
 .debug_abbrev  0x00000000000021ed      0x25d ./Drivers/STM32F4xx_HAL_Driver/Src/stm32f4xx_hal_tim.o
 .debug_abbrev  0x000000000000244a      0x265 ./Drivers/STM32F4xx_HAL_Driver/Src/stm32f4xx_hal_tim_ex.o
 .debug_abbrev  0x00000000000026af      0x296 ./Drivers/STM32F4xx_HAL_Driver/Src/stm32f4xx_ll_usb.o
 .debug_abbrev  0x0000000000002945      0x2be ./Middlewares/ST/STM32_USB_Device_Library/Class/CDC/Src/usbd_cdc.o
 .debug_abbrev  0x0000000000002c03      0x263 ./Middlewares/ST/STM32_USB_Device_Library/Core/Src/usbd_core.o
 .debug_abbrev  0x0000000000002e66      0x25c ./Middlewares/ST/STM32_USB_Device_Library/Core/Src/usbd_ctlreq.o
 .debug_abbrev  0x00000000000030c2      0x18a ./Middlewares/ST/STM32_USB_Device_Library/Core/Src/usbd_ioreq.o
 .debug_abbrev  0x000000000000324c      0x18a ./USB_DEVICE/App/usb_device.o
 .debug_abbrev  0x00000000000033d6      0x297 ./USB_DEVICE/App/usbd_cdc_if.o
 .debug_abbrev  0x000000000000366d      0x1da ./USB_DEVICE/App/usbd_desc.o
 .debug_abbrev  0x0000000000003847      0x32b ./USB_DEVICE/Target/usbd_conf.o

.debug_aranges  0x0000000000000000     0x1760
 .debug_aranges
                0x0000000000000000       0x88 ./Core/Src/main.o
 .debug_aranges
                0x0000000000000088       0x60 ./Core/Src/stm32f4xx_hal_msp.o
 .debug_aranges
                0x00000000000000e8       0x80 ./Core/Src/stm32f4xx_it.o
 .debug_aranges
                0x0000000000000168       0x28 ./Core/Src/system_stm32f4xx.o
 .debug_aranges
                0x0000000000000190       0x28 ./Core/Startup/startup_stm32f407vgtx.o
 .debug_aranges
                0x00000000000001b8       0xf0 ./Drivers/STM32F4xx_HAL_Driver/Src/stm32f4xx_hal.o
 .debug_aranges
                0x00000000000002a8      0x118 ./Drivers/STM32F4xx_HAL_Driver/Src/stm32f4xx_hal_cortex.o
 .debug_aranges
                0x00000000000003c0       0x58 ./Drivers/STM32F4xx_HAL_Driver/Src/stm32f4xx_hal_gpio.o
 .debug_aranges
                0x0000000000000418      0x2a0 ./Drivers/STM32F4xx_HAL_Driver/Src/stm32f4xx_hal_i2c.o
 .debug_aranges
                0x00000000000006b8      0x108 ./Drivers/STM32F4xx_HAL_Driver/Src/stm32f4xx_hal_i2s.o
 .debug_aranges
                0x00000000000007c0       0x88 ./Drivers/STM32F4xx_HAL_Driver/Src/stm32f4xx_hal_i2s_ex.o
 .debug_aranges
                0x0000000000000848      0x148 ./Drivers/STM32F4xx_HAL_Driver/Src/stm32f4xx_hal_pcd.o
 .debug_aranges
                0x0000000000000990       0x38 ./Drivers/STM32F4xx_HAL_Driver/Src/stm32f4xx_hal_pcd_ex.o
 .debug_aranges
                0x00000000000009c8       0x88 ./Drivers/STM32F4xx_HAL_Driver/Src/stm32f4xx_hal_rcc.o
 .debug_aranges
                0x0000000000000a50       0x48 ./Drivers/STM32F4xx_HAL_Driver/Src/stm32f4xx_hal_rcc_ex.o
 .debug_aranges
                0x0000000000000a98      0x1d0 ./Drivers/STM32F4xx_HAL_Driver/Src/stm32f4xx_hal_spi.o
 .debug_aranges
                0x0000000000000c68      0x3d0 ./Drivers/STM32F4xx_HAL_Driver/Src/stm32f4xx_hal_tim.o
 .debug_aranges
                0x0000000000001038      0x168 ./Drivers/STM32F4xx_HAL_Driver/Src/stm32f4xx_hal_tim_ex.o
 .debug_aranges
                0x00000000000011a0      0x1a0 ./Drivers/STM32F4xx_HAL_Driver/Src/stm32f4xx_ll_usb.o
 .debug_aranges
                0x0000000000001340       0x90 ./Middlewares/ST/STM32_USB_Device_Library/Class/CDC/Src/usbd_cdc.o
 .debug_aranges
                0x00000000000013d0       0xd8 ./Middlewares/ST/STM32_USB_Device_Library/Core/Src/usbd_core.o
 .debug_aranges
                0x00000000000014a8       0x90 ./Middlewares/ST/STM32_USB_Device_Library/Core/Src/usbd_ctlreq.o
 .debug_aranges
                0x0000000000001538       0x50 ./Middlewares/ST/STM32_USB_Device_Library/Core/Src/usbd_ioreq.o
 .debug_aranges
                0x0000000000001588       0x20 ./USB_DEVICE/App/usb_device.o
 .debug_aranges
                0x00000000000015a8       0x48 ./USB_DEVICE/App/usbd_cdc_if.o
 .debug_aranges
                0x00000000000015f0       0x60 ./USB_DEVICE/App/usbd_desc.o
 .debug_aranges
                0x0000000000001650      0x110 ./USB_DEVICE/Target/usbd_conf.o

.debug_ranges   0x0000000000000000     0x15d0
 .debug_ranges  0x0000000000000000       0x78 ./Core/Src/main.o
 .debug_ranges  0x0000000000000078       0x50 ./Core/Src/stm32f4xx_hal_msp.o
 .debug_ranges  0x00000000000000c8       0x70 ./Core/Src/stm32f4xx_it.o
 .debug_ranges  0x0000000000000138       0x18 ./Core/Src/system_stm32f4xx.o
 .debug_ranges  0x0000000000000150       0x20 ./Core/Startup/startup_stm32f407vgtx.o
 .debug_ranges  0x0000000000000170       0xe0 ./Drivers/STM32F4xx_HAL_Driver/Src/stm32f4xx_hal.o
 .debug_ranges  0x0000000000000250      0x108 ./Drivers/STM32F4xx_HAL_Driver/Src/stm32f4xx_hal_cortex.o
 .debug_ranges  0x0000000000000358       0x48 ./Drivers/STM32F4xx_HAL_Driver/Src/stm32f4xx_hal_gpio.o
 .debug_ranges  0x00000000000003a0      0x2a8 ./Drivers/STM32F4xx_HAL_Driver/Src/stm32f4xx_hal_i2c.o
 .debug_ranges  0x0000000000000648       0xf8 ./Drivers/STM32F4xx_HAL_Driver/Src/stm32f4xx_hal_i2s.o
 .debug_ranges  0x0000000000000740       0x78 ./Drivers/STM32F4xx_HAL_Driver/Src/stm32f4xx_hal_i2s_ex.o
 .debug_ranges  0x00000000000007b8      0x138 ./Drivers/STM32F4xx_HAL_Driver/Src/stm32f4xx_hal_pcd.o
 .debug_ranges  0x00000000000008f0       0x28 ./Drivers/STM32F4xx_HAL_Driver/Src/stm32f4xx_hal_pcd_ex.o
 .debug_ranges  0x0000000000000918       0x78 ./Drivers/STM32F4xx_HAL_Driver/Src/stm32f4xx_hal_rcc.o
 .debug_ranges  0x0000000000000990       0x38 ./Drivers/STM32F4xx_HAL_Driver/Src/stm32f4xx_hal_rcc_ex.o
 .debug_ranges  0x00000000000009c8      0x1c0 ./Drivers/STM32F4xx_HAL_Driver/Src/stm32f4xx_hal_spi.o
 .debug_ranges  0x0000000000000b88      0x3c0 ./Drivers/STM32F4xx_HAL_Driver/Src/stm32f4xx_hal_tim.o
 .debug_ranges  0x0000000000000f48      0x158 ./Drivers/STM32F4xx_HAL_Driver/Src/stm32f4xx_hal_tim_ex.o
 .debug_ranges  0x00000000000010a0      0x190 ./Drivers/STM32F4xx_HAL_Driver/Src/stm32f4xx_ll_usb.o
 .debug_ranges  0x0000000000001230       0x80 ./Middlewares/ST/STM32_USB_Device_Library/Class/CDC/Src/usbd_cdc.o
 .debug_ranges  0x00000000000012b0       0xc8 ./Middlewares/ST/STM32_USB_Device_Library/Core/Src/usbd_core.o
 .debug_ranges  0x0000000000001378       0x80 ./Middlewares/ST/STM32_USB_Device_Library/Core/Src/usbd_ctlreq.o
 .debug_ranges  0x00000000000013f8       0x40 ./Middlewares/ST/STM32_USB_Device_Library/Core/Src/usbd_ioreq.o
 .debug_ranges  0x0000000000001438       0x10 ./USB_DEVICE/App/usb_device.o
 .debug_ranges  0x0000000000001448       0x38 ./USB_DEVICE/App/usbd_cdc_if.o
 .debug_ranges  0x0000000000001480       0x50 ./USB_DEVICE/App/usbd_desc.o
 .debug_ranges  0x00000000000014d0      0x100 ./USB_DEVICE/Target/usbd_conf.o

.debug_macro    0x0000000000000000    0x25499
 .debug_macro   0x0000000000000000      0x475 ./Core/Src/main.o
 .debug_macro   0x0000000000000475      0xa78 ./Core/Src/main.o
 .debug_macro   0x0000000000000eed      0x2ad ./Core/Src/main.o
 .debug_macro   0x000000000000119a       0x2e ./Core/Src/main.o
 .debug_macro   0x00000000000011c8       0x2f ./Core/Src/main.o
 .debug_macro   0x00000000000011f7       0x22 ./Core/Src/main.o
 .debug_macro   0x0000000000001219       0x8e ./Core/Src/main.o
 .debug_macro   0x00000000000012a7       0x51 ./Core/Src/main.o
 .debug_macro   0x00000000000012f8      0x103 ./Core/Src/main.o
 .debug_macro   0x00000000000013fb       0x6a ./Core/Src/main.o
 .debug_macro   0x0000000000001465      0x1df ./Core/Src/main.o
 .debug_macro   0x0000000000001644       0x1c ./Core/Src/main.o
 .debug_macro   0x0000000000001660       0x22 ./Core/Src/main.o
 .debug_macro   0x0000000000001682       0xd9 ./Core/Src/main.o
 .debug_macro   0x000000000000175b     0x102d ./Core/Src/main.o
 .debug_macro   0x0000000000002788      0x11f ./Core/Src/main.o
 .debug_macro   0x00000000000028a7    0x15e82 ./Core/Src/main.o
 .debug_macro   0x0000000000018729       0x6d ./Core/Src/main.o
 .debug_macro   0x0000000000018796     0x367e ./Core/Src/main.o
 .debug_macro   0x000000000001be14      0x174 ./Core/Src/main.o
 .debug_macro   0x000000000001bf88       0x5c ./Core/Src/main.o
 .debug_macro   0x000000000001bfe4      0x96b ./Core/Src/main.o
 .debug_macro   0x000000000001c94f      0x9fe ./Core/Src/main.o
 .debug_macro   0x000000000001d34d      0x115 ./Core/Src/main.o
 .debug_macro   0x000000000001d462      0x13e ./Core/Src/main.o
 .debug_macro   0x000000000001d5a0       0xa5 ./Core/Src/main.o
 .debug_macro   0x000000000001d645      0x174 ./Core/Src/main.o
 .debug_macro   0x000000000001d7b9      0x287 ./Core/Src/main.o
 .debug_macro   0x000000000001da40       0x5f ./Core/Src/main.o
 .debug_macro   0x000000000001da9f      0x236 ./Core/Src/main.o
 .debug_macro   0x000000000001dcd5      0x12c ./Core/Src/main.o
 .debug_macro   0x000000000001de01      0x21e ./Core/Src/main.o
 .debug_macro   0x000000000001e01f       0x2e ./Core/Src/main.o
 .debug_macro   0x000000000001e04d      0x1b5 ./Core/Src/main.o
 .debug_macro   0x000000000001e202       0xd6 ./Core/Src/main.o
 .debug_macro   0x000000000001e2d8      0x1a7 ./Core/Src/main.o
 .debug_macro   0x000000000001e47f       0x46 ./Core/Src/main.o
 .debug_macro   0x000000000001e4c5       0x4a ./Core/Src/main.o
 .debug_macro   0x000000000001e50f      0x11a ./Core/Src/main.o
 .debug_macro   0x000000000001e629       0x7e ./Core/Src/main.o
 .debug_macro   0x000000000001e6a7       0x89 ./Core/Src/main.o
 .debug_macro   0x000000000001e730      0x225 ./Core/Src/main.o
 .debug_macro   0x000000000001e955      0x8e6 ./Core/Src/main.o
 .debug_macro   0x000000000001f23b       0x47 ./Core/Src/main.o
 .debug_macro   0x000000000001f282      0x248 ./Core/Src/main.o
 .debug_macro   0x000000000001f4ca       0xba ./Core/Src/main.o
 .debug_macro   0x000000000001f584      0x12d ./Core/Src/main.o
 .debug_macro   0x000000000001f6b1      0x19c ./Core/Src/main.o
 .debug_macro   0x000000000001f84d       0x52 ./Core/Src/main.o
 .debug_macro   0x000000000001f89f       0x1e ./Core/Src/main.o
 .debug_macro   0x000000000001f8bd       0x3c ./Core/Src/main.o
 .debug_macro   0x000000000001f8f9       0x34 ./Core/Src/main.o
 .debug_macro   0x000000000001f92d       0x16 ./Core/Src/main.o
 .debug_macro   0x000000000001f943       0x35 ./Core/Src/main.o
 .debug_macro   0x000000000001f978      0x341 ./Core/Src/main.o
 .debug_macro   0x000000000001fcb9       0x10 ./Core/Src/main.o
 .debug_macro   0x000000000001fcc9       0x16 ./Core/Src/main.o
 .debug_macro   0x000000000001fcdf       0x43 ./Core/Src/main.o
 .debug_macro   0x000000000001fd22       0x34 ./Core/Src/main.o
 .debug_macro   0x000000000001fd56       0x10 ./Core/Src/main.o
 .debug_macro   0x000000000001fd66       0x58 ./Core/Src/main.o
 .debug_macro   0x000000000001fdbe       0x71 ./Core/Src/main.o
 .debug_macro   0x000000000001fe2f       0x1c ./Core/Src/main.o
 .debug_macro   0x000000000001fe4b      0x12a ./Core/Src/main.o
 .debug_macro   0x000000000001ff75       0x10 ./Core/Src/main.o
 .debug_macro   0x000000000001ff85       0x1c ./Core/Src/main.o
 .debug_macro   0x000000000001ffa1       0x52 ./Core/Src/main.o
 .debug_macro   0x000000000001fff3       0x22 ./Core/Src/main.o
 .debug_macro   0x0000000000020015       0x10 ./Core/Src/main.o
 .debug_macro   0x0000000000020025       0x52 ./Core/Src/main.o
 .debug_macro   0x0000000000020077       0xd5 ./Core/Src/main.o
 .debug_macro   0x000000000002014c       0x1c ./Core/Src/main.o
 .debug_macro   0x0000000000020168       0x3d ./Core/Src/main.o
 .debug_macro   0x00000000000201a5       0x16 ./Core/Src/main.o
 .debug_macro   0x00000000000201bb      0x145 ./Core/Src/main.o